<html>
<body>
<pre>
<h1>µVision Build Log</h1>
<h2>Project:</h2>
D:\STM32_проекты\STM32USBDevice\MDK-ARM\STM32USBDevice.uvproj
Project File Date:  01/15/2018

<h2>Output:</h2>
Build target 'STM32USBDevice'
compiling main.c...
linking...
Program Size: Code=13336 RO-data=484 RW-data=228 ZI-data=11820  
FromELF: creating hex file...
".\output\STM32USBDevice.axf" - 0 Error(s), 0 Warning(s).
Load "D:\\STM32_проекты\\STM32USBDevice\\MDK-ARM\\output\\STM32USBDevice.axf" 
Erase Done.
Programming Done.
Verify OK.
</pre>
</body>
</html>
y OK.
fier "sdTranState" is undefined
                                sdTranState=SD_ERR;
..\USER\main\stm32f10x_it.c(342): error:  #20: identifier "sdTranState" is undefined
                                sdTranState=SD_READY;
..\USER\main\stm32f10x_it.c(347): error:  #20: identifier "sdTranState" is undefined
                                sdTranState=SD_ERR;
..\USER\main\stm32f10x_it.c(376): error:  #20: identifier "sdTranState" is undefined
                                sdTranState=SD_ERR;
..\USER\main\stm32f10x_it.c: 0 warnings, 6 errors
".\output\STM32USBDevice.axf" - 6 Error(s), 0 Warning(s).
Target not created
