ARM Linker, 5.03 [Build 76] [MDK-ARM Professional]

==============================================================================

Section Cross References

    startup_stm32f10x_hd.o(STACK) refers (Special) to heapauxi.o(.text) for __use_two_region_memory
    startup_stm32f10x_hd.o(HEAP) refers (Special) to heapauxi.o(.text) for __use_two_region_memory
    startup_stm32f10x_hd.o(RESET) refers (Special) to heapauxi.o(.text) for __use_two_region_memory
    startup_stm32f10x_hd.o(RESET) refers to startup_stm32f10x_hd.o(STACK) for __initial_sp
    startup_stm32f10x_hd.o(RESET) refers to startup_stm32f10x_hd.o(.text) for Reset_Handler
    startup_stm32f10x_hd.o(RESET) refers to stm32f10x_it.o(i.NMI_Handler) for NMI_Handler
    startup_stm32f10x_hd.o(RESET) refers to stm32f10x_it.o(i.HardFault_Handler) for HardFault_Handler
    startup_stm32f10x_hd.o(RESET) refers to stm32f10x_it.o(i.MemManage_Handler) for MemManage_Handler
    startup_stm32f10x_hd.o(RESET) refers to stm32f10x_it.o(i.BusFault_Handler) for BusFault_Handler
    startup_stm32f10x_hd.o(RESET) refers to stm32f10x_it.o(i.UsageFault_Handler) for UsageFault_Handler
    startup_stm32f10x_hd.o(RESET) refers to stm32f10x_it.o(i.SVC_Handler) for SVC_Handler
    startup_stm32f10x_hd.o(RESET) refers to stm32f10x_it.o(i.DebugMon_Handler) for DebugMon_Handler
    startup_stm32f10x_hd.o(RESET) refers to stm32f10x_it.o(i.PendSV_Handler) for PendSV_Handler
    startup_stm32f10x_hd.o(RESET) refers to stm32f10x_it.o(i.EXTI0_IRQHandler) for EXTI0_IRQHandler
    startup_stm32f10x_hd.o(RESET) refers to stm32f10x_it.o(i.USB_LP_CAN1_RX0_IRQHandler) for USB_LP_CAN1_RX0_IRQHandler
    startup_stm32f10x_hd.o(RESET) refers to stm32f10x_it.o(i.USBWakeUp_IRQHandler) for USBWakeUp_IRQHandler
    startup_stm32f10x_hd.o(RESET) refers to stm32f10x_it.o(i.SDIO_IRQHandler) for SDIO_IRQHandler
    startup_stm32f10x_hd.o(RESET) refers to stm32f10x_it.o(i.TIM6_IRQHandler) for TIM6_IRQHandler
    startup_stm32f10x_hd.o(RESET) refers to stm32f10x_it.o(i.DMA2_Channel4_5_IRQHandler) for DMA2_Channel4_5_IRQHandler
    startup_stm32f10x_hd.o(.text) refers (Special) to heapauxi.o(.text) for __use_two_region_memory
    startup_stm32f10x_hd.o(.text) refers to system_stm32f10x.o(i.SystemInit) for SystemInit
    startup_stm32f10x_hd.o(.text) refers to __main.o(!!!main) for __main
    startup_stm32f10x_hd.o(.text) refers to startup_stm32f10x_hd.o(HEAP) for Heap_Mem
    startup_stm32f10x_hd.o(.text) refers to startup_stm32f10x_hd.o(STACK) for Stack_Mem
    system_stm32f10x.o(i.SetSysClock) refers to system_stm32f10x.o(i.SetSysClockTo72) for SetSysClockTo72
    system_stm32f10x.o(i.SystemCoreClockUpdate) refers to system_stm32f10x.o(.data) for SystemCoreClock
    system_stm32f10x.o(i.SystemInit) refers to system_stm32f10x.o(i.SetSysClock) for SetSysClock
    stm32f10x_dma.o(i.DMA_ClearFlag) refers to main.o(i.assert_failed) for assert_failed
    stm32f10x_dma.o(i.DMA_ClearITPendingBit) refers to main.o(i.assert_failed) for assert_failed
    stm32f10x_dma.o(i.DMA_Cmd) refers to main.o(i.assert_failed) for assert_failed
    stm32f10x_dma.o(i.DMA_DeInit) refers to main.o(i.assert_failed) for assert_failed
    stm32f10x_dma.o(i.DMA_GetCurrDataCounter) refers to main.o(i.assert_failed) for assert_failed
    stm32f10x_dma.o(i.DMA_GetFlagStatus) refers to main.o(i.assert_failed) for assert_failed
    stm32f10x_dma.o(i.DMA_GetITStatus) refers to main.o(i.assert_failed) for assert_failed
    stm32f10x_dma.o(i.DMA_ITConfig) refers to main.o(i.assert_failed) for assert_failed
    stm32f10x_dma.o(i.DMA_Init) refers to main.o(i.assert_failed) for assert_failed
    stm32f10x_dma.o(i.DMA_SetCurrDataCounter) refers to main.o(i.assert_failed) for assert_failed
    stm32f10x_exti.o(i.EXTI_ClearFlag) refers to main.o(i.assert_failed) for assert_failed
    stm32f10x_exti.o(i.EXTI_ClearITPendingBit) refers to main.o(i.assert_failed) for assert_failed
    stm32f10x_exti.o(i.EXTI_GenerateSWInterrupt) refers to main.o(i.assert_failed) for assert_failed
    stm32f10x_exti.o(i.EXTI_GetFlagStatus) refers to main.o(i.assert_failed) for assert_failed
    stm32f10x_exti.o(i.EXTI_GetITStatus) refers to main.o(i.assert_failed) for assert_failed
    stm32f10x_exti.o(i.EXTI_Init) refers to main.o(i.assert_failed) for assert_failed
    stm32f10x_fsmc.o(i.FSMC_ClearFlag) refers to main.o(i.assert_failed) for assert_failed
    stm32f10x_fsmc.o(i.FSMC_ClearITPendingBit) refers to main.o(i.assert_failed) for assert_failed
    stm32f10x_fsmc.o(i.FSMC_GetFlagStatus) refers to main.o(i.assert_failed) for assert_failed
    stm32f10x_fsmc.o(i.FSMC_GetITStatus) refers to main.o(i.assert_failed) for assert_failed
    stm32f10x_fsmc.o(i.FSMC_ITConfig) refers to main.o(i.assert_failed) for assert_failed
    stm32f10x_fsmc.o(i.FSMC_NANDCmd) refers to main.o(i.assert_failed) for assert_failed
    stm32f10x_fsmc.o(i.FSMC_NANDDeInit) refers to main.o(i.assert_failed) for assert_failed
[...]
    rtentry2.o(.ARM.Collect$$rtentry$$0000000B) refers to boardinit3.o(.text) for _platform_post_lib_init
    rtentry2.o(.ARM.Collect$$rtentry$$0000000D) refers to main.o(i.main) for main
    rtentry2.o(.ARM.Collect$$rtentry$$0000000D) refers to exit.o(.text) for exit
    rtentry2.o(.ARM.exidx) refers to rtentry2.o(.ARM.Collect$$rtentry$$00000001) for .ARM.Collect$$rtentry$$00000001
    rtentry2.o(.ARM.exidx) refers to rtentry2.o(.ARM.Collect$$rtentry$$00000008) for .ARM.Collect$$rtentry$$00000008
    rtentry2.o(.ARM.exidx) refers to rtentry2.o(.ARM.Collect$$rtentry$$0000000A) for .ARM.Collect$$rtentry$$0000000A
    rtentry2.o(.ARM.exidx) refers to rtentry2.o(.ARM.Collect$$rtentry$$0000000B) for .ARM.Collect$$rtentry$$0000000B
    rtentry2.o(.ARM.exidx) refers to rtentry2.o(.ARM.Collect$$rtentry$$0000000D) for .ARM.Collect$$rtentry$$0000000D
    rtentry4.o(.ARM.Collect$$rtentry$$00000004) refers to sys_stackheap_outer.o(.text) for __user_setup_stackheap
    rtentry4.o(.ARM.exidx) refers to rtentry4.o(.ARM.Collect$$rtentry$$00000004) for .ARM.Collect$$rtentry$$00000004
    sys_stackheap_outer.o(.text) refers to libspace.o(.text) for __user_perproc_libspace
    sys_stackheap_outer.o(.text) refers to startup_stm32f10x_hd.o(.text) for __user_initial_stackheap
    exit.o(.text) refers to rtexit.o(.ARM.Collect$$rtexit$$00000000) for __rt_exit
    libinit.o(.ARM.Collect$$libinit$$00000000) refers (Special) to libinit2.o(.ARM.Collect$$libinit$$0000002C) for __rt_lib_init_alloca_1
    libinit.o(.ARM.Collect$$libinit$$00000000) refers (Special) to libinit2.o(.ARM.Collect$$libinit$$0000002A) for __rt_lib_init_argv_1
    libinit.o(.ARM.Collect$$libinit$$00000000) refers (Special) to libinit2.o(.ARM.Collect$$libinit$$00000019) for __rt_lib_init_atexit_1
    libinit.o(.ARM.Collect$$libinit$$00000000) refers (Special) to libinit2.o(.ARM.Collect$$libinit$$0000001F) for __rt_lib_init_clock_1
    libinit.o(.ARM.Collect$$libinit$$00000000) refers (Special) to libinit2.o(.ARM.Collect$$libinit$$00000030) for __rt_lib_init_cpp_1
    libinit.o(.ARM.Collect$$libinit$$00000000) refers (Special) to libinit2.o(.ARM.Collect$$libinit$$0000002E) for __rt_lib_init_exceptions_1
    libinit.o(.ARM.Collect$$libinit$$00000000) refers (Special) to libinit2.o(.ARM.Collect$$libinit$$00000002) for __rt_lib_init_fp_1
    libinit.o(.ARM.Collect$$libinit$$00000000) refers (Special) to libinit2.o(.ARM.Collect$$libinit$$0000001D) for __rt_lib_init_fp_trap_1
    libinit.o(.ARM.Collect$$libinit$$00000000) refers (Special) to libinit2.o(.ARM.Collect$$libinit$$00000021) for __rt_lib_init_getenv_1
    libinit.o(.ARM.Collect$$libinit$$00000000) refers (Special) to libinit2.o(.ARM.Collect$$libinit$$00000008) for __rt_lib_init_heap_1
    libinit.o(.ARM.Collect$$libinit$$00000000) refers (Special) to libinit2.o(.ARM.Collect$$libinit$$0000000F) for __rt_lib_init_lc_collate_1
    libinit.o(.ARM.Collect$$libinit$$00000000) refers (Special) to libinit2.o(.ARM.Collect$$libinit$$00000011) for __rt_lib_init_lc_ctype_1
    libinit.o(.ARM.Collect$$libinit$$00000000) refers (Special) to libinit2.o(.ARM.Collect$$libinit$$00000013) for __rt_lib_init_lc_monetary_1
    libinit.o(.ARM.Collect$$libinit$$00000000) refers (Special) to libinit2.o(.ARM.Collect$$libinit$$00000015) for __rt_lib_init_lc_numeric_1
    libinit.o(.ARM.Collect$$libinit$$00000000) refers (Special) to libinit2.o(.ARM.Collect$$libinit$$00000017) for __rt_lib_init_lc_time_1
    libinit.o(.ARM.Collect$$libinit$$00000000) refers (Special) to libinit2.o(.ARM.Collect$$libinit$$0000000C) for __rt_lib_init_rand_1
    libinit.o(.ARM.Collect$$libinit$$00000000) refers (Special) to libinit2.o(.ARM.Collect$$libinit$$00000031) for __rt_lib_init_return
    libinit.o(.ARM.Collect$$libinit$$00000000) refers (Special) to libinit2.o(.ARM.Collect$$libinit$$0000001B) for __rt_lib_init_signal_1
    libinit.o(.ARM.Collect$$libinit$$00000000) refers (Special) to libinit2.o(.ARM.Collect$$libinit$$00000023) for __rt_lib_init_stdio_1
    libinit.o(.ARM.Collect$$libinit$$00000000) refers (Special) to libinit2.o(.ARM.Collect$$libinit$$0000000A) for __rt_lib_init_user_alloc_1
    libspace.o(.text) refers to libspace.o(.bss) for __libspace_start
    rtexit.o(.ARM.Collect$$rtexit$$00000000) refers (Special) to rtexit2.o(.ARM.Collect$$rtexit$$00000004) for __rt_exit_exit
    rtexit.o(.ARM.Collect$$rtexit$$00000000) refers (Special) to rtexit2.o(.ARM.Collect$$rtexit$$00000003) for __rt_exit_ls
    rtexit.o(.ARM.Collect$$rtexit$$00000000) refers (Special) to rtexit2.o(.ARM.Collect$$rtexit$$00000002) for __rt_exit_prels_1
    rtexit.o(.ARM.exidx) refers (Special) to rtexit2.o(.ARM.Collect$$rtexit$$00000004) for __rt_exit_exit
    rtexit.o(.ARM.exidx) refers (Special) to rtexit2.o(.ARM.Collect$$rtexit$$00000003) for __rt_exit_ls
    rtexit.o(.ARM.exidx) refers (Special) to rtexit2.o(.ARM.Collect$$rtexit$$00000002) for __rt_exit_prels_1
    rtexit.o(.ARM.exidx) refers to rtexit.o(.ARM.Collect$$rtexit$$00000000) for .ARM.Collect$$rtexit$$00000000
    libinit2.o(.ARM.Collect$$libinit$$0000000E) refers to libinit2.o(.ARM.Collect$$libinit$$0000000D) for .ARM.Collect$$libinit$$0000000D
    libinit2.o(.ARM.Collect$$libinit$$00000010) refers to libinit2.o(.ARM.Collect$$libinit$$0000000D) for .ARM.Collect$$libinit$$0000000D
    libinit2.o(.ARM.Collect$$libinit$$00000012) refers to libinit2.o(.ARM.Collect$$libinit$$0000000D) for .ARM.Collect$$libinit$$0000000D
    libinit2.o(.ARM.Collect$$libinit$$00000014) refers to libinit2.o(.ARM.Collect$$libinit$$0000000D) for .ARM.Collect$$libinit$$0000000D
    libinit2.o(.ARM.Collect$$libinit$$00000016) refers to libinit2.o(.ARM.Collect$$libinit$$0000000D) for .ARM.Collect$$libinit$$0000000D
    libinit2.o(.ARM.Collect$$libinit$$00000024) refers to argv_veneer.o(.emb_text) for __ARM_argv_veneer
    libinit2.o(.ARM.Collect$$libinit$$00000025) refers to argv_veneer.o(.emb_text) for __ARM_argv_veneer
    rtexit2.o(.ARM.Collect$$rtexit$$00000003) refers to libshutdown.o(.ARM.Collect$$libshutdown$$00000000) for __rt_lib_shutdown
    rtexit2.o(.ARM.Collect$$rtexit$$00000004) refers to sys_exit.o(.text) for _sys_exit
    rtexit2.o(.ARM.exidx) refers to rtexit2.o(.ARM.Collect$$rtexit$$00000001) for .ARM.Collect$$rtexit$$00000001
    rtexit2.o(.ARM.exidx) refers to rtexit2.o(.ARM.Collect$$rtexit$$00000003) for .ARM.Collect$$rtexit$$00000003
    rtexit2.o(.ARM.exidx) refers to rtexit2.o(.ARM.Collect$$rtexit$$00000004) for .ARM.Collect$$rtexit$$00000004
    argv_veneer.o(.emb_text) refers to no_argv.o(.text) for __ARM_get_argv
    sys_exit.o(.text) refers (Special) to use_no_semi.o(.text) for __I$use$semihosting
    sys_exit.o(.text) refers (Special) to indicate_semi.o(.text) for __semihosting_library_function
    _get_argv_nomalloc.o(.text) refers (Special) to hrguard.o(.text) for __heap_region$guard
    _get_argv_nomalloc.o(.text) refers to defsig_rtmem_outer.o(.text) for __rt_SIGRTMEM
    _get_argv_nomalloc.o(.text) refers to sys_command.o(.text) for _sys_command_string
    libshutdown.o(.ARM.Collect$$libshutdown$$00000000) refers (Special) to libshutdown2.o(.ARM.Collect$$libshutdown$$00000006) for __rt_lib_shutdown_fp_trap_1
    libshutdown.o(.ARM.Collect$$libshutdown$$00000000) refers (Special) to libshutdown2.o(.ARM.Collect$$libshutdown$$0000000E) for __rt_lib_shutdown_heap_1
    libshutdown.o(.ARM.Collect$$libshutdown$$00000000) refers (Special) to libshutdown2.o(.ARM.Collect$$libshutdown$$0000000F) for __rt_lib_shutdown_return
    libshutdown.o(.ARM.Collect$$libshutdown$$00000000) refers (Special) to libshutdown2.o(.ARM.Collect$$libshutdown$$00000009) for __rt_lib_shutdown_signal_1
    libshutdown.o(.ARM.Collect$$libshutdown$$00000000) refers (Special) to libshutdown2.o(.ARM.Collect$$libshutdown$$00000003) for __rt_lib_shutdown_stdio_1
    libshutdown.o(.ARM.Collect$$libshutdown$$00000000) refers (Special) to libshutdown2.o(.ARM.Collect$$libshutdown$$0000000B) for __rt_lib_shutdown_user_alloc_1
    sys_command.o(.text) refers (Special) to use_no_semi.o(.text) for __I$use$semihosting
    sys_command.o(.text) refers (Special) to indicate_semi.o(.text) for __semihosting_library_function
    defsig_rtmem_outer.o(.text) refers to defsig_rtmem_inner.o(.text) for __rt_SIGRTMEM_inner
    defsig_rtmem_outer.o(.text) refers to defsig_exit.o(.text) for __sig_exit
    defsig_rtmem_formal.o(.text) refers to rt_raise.o(.text) for __rt_raise
    rt_raise.o(.text) refers to __raise.o(.text) for __raise
    rt_raise.o(.text) refers to sys_exit.o(.text) for _sys_exit
    defsig_exit.o(.text) refers to sys_exit.o(.text) for _sys_exit
    defsig_rtmem_inner.o(.text) refers to defsig_general.o(.text) for __default_signal_display
    __raise.o(.text) refers to defsig.o(CL$$defsig) for __default_signal_handler
    defsig_general.o(.text) refers to sys_wrch.o(.text) for _ttywrch
    sys_wrch.o(.text) refers (Special) to use_no_semi.o(.text) for __I$use$semihosting
    sys_wrch.o(.text) refers (Special) to indicate_semi.o(.text) for __semihosting_library_function
    defsig.o(CL$$defsig) refers to defsig_rtmem_inner.o(.text) for __rt_SIGRTMEM_inner
    defsig_abrt_inner.o(.text) refers to defsig_general.o(.text) for __default_signal_display
    defsig_fpe_inner.o(.text) refers to defsig_general.o(.text) for __default_signal_display
    defsig_rtred_inner.o(.text) refers to defsig_general.o(.text) for __default_signal_display
    defsig_stak_inner.o(.text) refers to defsig_general.o(.text) for __default_signal_display
    defsig_pvfn_inner.o(.text) refers to defsig_general.o(.text) for __default_signal_display
    defsig_cppl_inner.o(.text) refers to defsig_general.o(.text) for __default_signal_display
    defsig_segv_inner.o(.text) refers to defsig_general.o(.text) for __default_signal_display
    defsig_other.o(.text) refers to defsig_general.o(.text) for __default_signal_display


==============================================================================

Removing Unused input sections from the image.

    Removing system_stm32f10x.o(i.SystemCoreClockUpdate), (164 bytes).
    Removing system_stm32f10x.o(.data), (20 bytes).
    Removing stm32f10x_dma.o(i.DMA_ClearFlag), (112 bytes).
    Removing stm32f10x_dma.o(i.DMA_ClearITPendingBit), (112 bytes).
    Removing stm32f10x_dma.o(i.DMA_Cmd), (212 bytes).
    Removing stm32f10x_dma.o(i.DMA_DeInit), (492 bytes).
    Removing stm32f10x_dma.o(i.DMA_GetCurrDataCounter), (176 bytes).
    Removing stm32f10x_dma.o(i.DMA_GetFlagStatus), (420 bytes).
    Removing stm32f10x_dma.o(i.DMA_GetITStatus), (420 bytes).
    Removing stm32f10x_dma.o(i.DMA_ITConfig), (228 bytes).
    Removing stm32f10x_dma.o(i.DMA_Init), (448 bytes).
    Removing stm32f10x_dma.o(i.DMA_SetCurrDataCounter), (176 bytes).
    Removing stm32f10x_dma.o(i.DMA_StructInit), (26 bytes).
    Removing stm32f10x_exti.o(i.EXTI_ClearFlag), (84 bytes).
    Removing stm32f10x_exti.o(i.EXTI_DeInit), (36 bytes).
    Removing stm32f10x_exti.o(i.EXTI_GenerateSWInterrupt), (92 bytes).
    Removing stm32f10x_exti.o(i.EXTI_GetFlagStatus), (196 bytes).
    Removing stm32f10x_exti.o(i.EXTI_GetITStatus), (208 bytes).
    Removing stm32f10x_exti.o(i.EXTI_StructInit), (16 bytes).
    Removing stm32f10x_fsmc.o(i.FSMC_ClearFlag), (176 bytes).
    Removing stm32f10x_fsmc.o(i.FSMC_ClearITPendingBit), (180 bytes).
    Removing stm32f10x_fsmc.o(i.FSMC_GetECC), (28 bytes).
    Removing stm32f10x_fsmc.o(i.FSMC_GetFlagStatus), (172 bytes).
    Removing stm32f10x_fsmc.o(i.FSMC_GetITStatus), (188 bytes).
    Removing stm32f10x_fsmc.o(i.FSMC_ITConfig), (260 bytes).
    Removing stm32f10x_fsmc.o(i.FSMC_NANDCmd), (192 bytes).
    Removing stm32f10x_fsmc.o(i.FSMC_NANDDeInit), (148 bytes).
    Removing stm32f10x_fsmc.o(i.FSMC_NANDECCCmd), (192 bytes).
    Removing stm32f10x_fsmc.o(i.FSMC_NANDInit), (540 bytes).
    Removing stm32f10x_fsmc.o(i.FSMC_NANDStructInit), (54 bytes).
    Removing stm32f10x_fsmc.o(i.FSMC_NORSRAMCmd), (152 bytes).
    Removing stm32f10x_fsmc.o(i.FSMC_NORSRAMDeInit), (136 bytes).
    Removing stm32f10x_fsmc.o(i.FSMC_NORSRAMInit), (884 bytes).
    Removing stm32f10x_fsmc.o(i.FSMC_NORSRAMStructInit), (114 bytes).
    Removing stm32f10x_fsmc.o(i.FSMC_PCCARDCmd), (124 bytes).
    Removing stm32f10x_fsmc.o(i.FSMC_PCCARDDeInit), (48 bytes).
    Removing stm32f10x_fsmc.o(i.FSMC_PCCARDInit), (492 bytes).
    Removing stm32f10x_fsmc.o(i.FSMC_PCCARDStructInit), (60 bytes).
    Removing stm32f10x_gpio.o(i.GPIO_AFIODeInit), (20 bytes).
    Removing stm32f10x_gpio.o(i.GPIO_DeInit), (304 bytes).
    Removing stm32f10x_gpio.o(i.GPIO_ETH_MediaInterfaceConfig), (84 bytes).
    Removing stm32f10x_gpio.o(i.GPIO_EventOutputCmd), (84 bytes).
    Removing stm32f10x_gpio.o(i.GPIO_EventOutputConfig), (192 bytes).
    Removing stm32f10x_gpio.o(i.GPIO_PinLockConfig), (176 bytes).
    Removing stm32f10x_gpio.o(i.GPIO_PinRemapConfig), (564 bytes).
    Removing stm32f10x_gpio.o(i.GPIO_ReadInputData), (144 bytes).
    Removing stm32f10x_gpio.o(i.GPIO_ReadInputDataBit), (252 bytes).
    Removing stm32f10x_gpio.o(i.GPIO_ReadOutputData), (144 bytes).
    Removing stm32f10x_gpio.o(i.GPIO_ReadOutputDataBit), (252 bytes).
    Removing stm32f10x_gpio.o(i.GPIO_SetBits), (164 bytes).
    Removing stm32f10x_gpio.o(i.GPIO_StructInit), (16 bytes).
    Removing stm32f10x_gpio.o(i.GPIO_Write), (144 bytes).
    Removing stm32f10x_gpio.o(i.GPIO_WriteBit), (264 bytes).
    Removing stm32f10x_pwr.o(i.PWR_BackupAccessCmd), (84 bytes).
    Removing stm32f10x_pwr.o(i.PWR_ClearFlag), (96 bytes).
    Removing stm32f10x_pwr.o(i.PWR_DeInit), (22 bytes).
    Removing stm32f10x_pwr.o(i.PWR_EnterSTANDBYMode), (52 bytes).
    Removing stm32f10x_pwr.o(i.PWR_EnterSTOPMode), (152 bytes).
    Removing stm32f10x_pwr.o(i.PWR_GetFlagStatus), (104 bytes).
    Removing stm32f10x_pwr.o(i.PWR_PVDCmd), (84 bytes).
    Removing stm32f10x_pwr.o(i.PWR_PVDLevelConfig), (116 bytes).
    Removing stm32f10x_pwr.o(i.PWR_WakeUpPinCmd), (84 bytes).
    Removing stm32f10x_rcc.o(i.RCC_ADCCLKConfig), (108 bytes).
    Removing stm32f10x_rcc.o(i.RCC_APB1PeriphResetCmd), (132 bytes).
    Removing stm32f10x_rcc.o(i.RCC_APB2PeriphResetCmd), (132 bytes).
    Removing stm32f10x_rcc.o(i.RCC_AdjustHSICalibrationValue), (96 bytes).
    Removing stm32f10x_rcc.o(i.RCC_BackupResetCmd), (84 bytes).
    Removing stm32f10x_rcc.o(i.RCC_ClearFlag), (20 bytes).
    Removing stm32f10x_rcc.o(i.RCC_ClearITPendingBit), (88 bytes).
    Removing stm32f10x_rcc.o(i.RCC_ClockSecuritySystemCmd), (84 bytes).
    Removing stm32f10x_rcc.o(i.RCC_DeInit), (76 bytes).
    Removing stm32f10x_rcc.o(i.RCC_GetClocksFreq), (212 bytes).
    Removing stm32f10x_rcc.o(i.RCC_GetFlagStatus), (176 bytes).
    Removing stm32f10x_rcc.o(i.RCC_GetITStatus), (116 bytes).
    Removing stm32f10x_rcc.o(i.RCC_GetSYSCLKSource), (16 bytes).
    Removing stm32f10x_rcc.o(i.RCC_HCLKConfig), (124 bytes).
    Removing stm32f10x_rcc.o(i.RCC_HSEConfig), (156 bytes).
    Removing stm32f10x_rcc.o(i.RCC_HSICmd), (84 bytes).
    Removing stm32f10x_rcc.o(i.RCC_ITConfig), (128 bytes).
    Removing stm32f10x_rcc.o(i.RCC_LSEConfig), (132 bytes).
    Removing stm32f10x_rcc.o(i.RCC_LSICmd), (84 bytes).
    Removing stm32f10x_rcc.o(i.RCC_MCOConfig), (96 bytes).
    Removing stm32f10x_rcc.o(i.RCC_PCLK1Config), (116 bytes).
    Removing stm32f10x_rcc.o(i.RCC_PCLK2Config), (116 bytes).
    Removing stm32f10x_rcc.o(i.RCC_PLLCmd), (84 bytes).
    Removing stm32f10x_rcc.o(i.RCC_PLLConfig), (208 bytes).
    Removing stm32f10x_rcc.o(i.RCC_RTCCLKCmd), (84 bytes).
    Removing stm32f10x_rcc.o(i.RCC_RTCCLKConfig), (104 bytes).
    Removing stm32f10x_rcc.o(i.RCC_SYSCLKConfig), (100 bytes).
    Removing stm32f10x_rcc.o(i.RCC_WaitForHSEStartUp), (56 bytes).
    Removing stm32f10x_rcc.o(.data), (20 bytes).
    Removing stm32f10x_rtc.o(i.RTC_ClearFlag), (96 bytes).
    Removing stm32f10x_rtc.o(i.RTC_ClearITPendingBit), (96 bytes).
    Removing stm32f10x_rtc.o(i.RTC_EnterConfigMode), (20 bytes).
    Removing stm32f10x_rtc.o(i.RTC_ExitConfigMode), (20 bytes).
    Removing stm32f10x_rtc.o(i.RTC_GetCounter), (20 bytes).
    Removing stm32f10x_rtc.o(i.RTC_GetDivider), (24 bytes).
    Removing stm32f10x_rtc.o(i.RTC_GetFlagStatus), (112 bytes).
    Removing stm32f10x_rtc.o(i.RTC_GetITStatus), (116 bytes).
    Removing stm32f10x_rtc.o(i.RTC_ITConfig), (124 bytes).
    Removing stm32f10x_rtc.o(i.RTC_SetAlarm), (28 bytes).
    Removing stm32f10x_rtc.o(i.RTC_SetCounter), (28 bytes).
    Removing stm32f10x_rtc.o(i.RTC_SetPrescaler), (100 bytes).
    Removing stm32f10x_rtc.o(i.RTC_WaitForLastTask), (20 bytes).
    Removing stm32f10x_rtc.o(i.RTC_WaitForSynchro), (32 bytes).
    Removing stm32f10x_sdio.o(i.SDIO_CEATAITCmd), (88 bytes).
    Removing stm32f10x_sdio.o(i.SDIO_ClearITPendingBit), (92 bytes).
    Removing stm32f10x_sdio.o(i.SDIO_CmdStructInit), (14 bytes).
    Removing stm32f10x_sdio.o(i.SDIO_CommandCompletionCmd), (84 bytes).
    Removing stm32f10x_sdio.o(i.SDIO_DMACmd), (84 bytes).
    Removing stm32f10x_sdio.o(i.SDIO_DataStructInit), (20 bytes).
    Removing stm32f10x_sdio.o(i.SDIO_GetDataCounter), (12 bytes).
    Removing stm32f10x_sdio.o(i.SDIO_GetFIFOCount), (12 bytes).
    Removing stm32f10x_sdio.o(i.SDIO_GetITStatus), (220 bytes).
    Removing stm32f10x_sdio.o(i.SDIO_ITConfig), (128 bytes).
    Removing stm32f10x_sdio.o(i.SDIO_SendCEATACmd), (84 bytes).
    Removing stm32f10x_sdio.o(i.SDIO_SendSDIOSuspendCmd), (84 bytes).
    Removing stm32f10x_sdio.o(i.SDIO_SetSDIOOperation), (84 bytes).
    Removing stm32f10x_sdio.o(i.SDIO_SetSDIOReadWaitMode), (84 bytes).
    Removing stm32f10x_sdio.o(i.SDIO_StartSDIOReadWait), (84 bytes).
    Removing stm32f10x_sdio.o(i.SDIO_StopSDIOReadWait), (84 bytes).
    Removing stm32f10x_sdio.o(i.SDIO_StructInit), (16 bytes).
    Removing stm32f10x_sdio.o(i.SDIO_WriteData), (12 bytes).
    Removing usb_regs.o(i.ByteSwap), (12 bytes).
    Removing usb_regs.o(i.ClearDTOG_RX), (44 bytes).
    Removing usb_regs.o(i.ClearDTOG_TX), (44 bytes).
    Removing usb_regs.o(i.ClearEPDoubleBuff), (32 bytes).
    Removing usb_regs.o(i.ClearEP_CTR_RX), (28 bytes).
    Removing usb_regs.o(i.ClearEP_CTR_TX), (24 bytes).
    Removing usb_regs.o(i.ClearEP_KIND), (32 bytes).
    Removing usb_regs.o(i.Clear_Status_Out), (32 bytes).
    Removing usb_regs.o(i.FreeUserBuffer), (64 bytes).
    Removing usb_regs.o(i.GetBTABLE), (12 bytes).
    Removing usb_regs.o(i.GetCNTR), (12 bytes).
    Removing usb_regs.o(i.GetDADDR), (12 bytes).
    Removing usb_regs.o(i.GetENDPOINT), (16 bytes).
    Removing usb_regs.o(i.GetEPAddress), (20 bytes).
    Removing usb_regs.o(i.GetEPDblBuf0Addr), (32 bytes).
    Removing usb_regs.o(i.GetEPDblBuf0Count), (36 bytes).
    Removing usb_regs.o(i.GetEPDblBuf1Addr), (32 bytes).
    Removing usb_regs.o(i.GetEPDblBuf1Count), (36 bytes).
    Removing usb_regs.o(i.GetEPDblBufDir), (72 bytes).
    Removing usb_regs.o(i.GetEPRxAddr), (32 bytes).
    Removing usb_regs.o(i.GetEPRxCount), (36 bytes).
    Removing usb_regs.o(i.GetEPRxStatus), (20 bytes).
    Removing usb_regs.o(i.GetEPTxAddr), (32 bytes).
    Removing usb_regs.o(i.GetEPTxCount), (36 bytes).
    Removing usb_regs.o(i.GetEPTxStatus), (20 bytes).
    Removing usb_regs.o(i.GetEPType), (20 bytes).
    Removing usb_regs.o(i.GetFNR), (12 bytes).
    Removing usb_regs.o(i.GetISTR), (12 bytes).
    Removing usb_regs.o(i.GetRxStallStatus), (32 bytes).
    Removing usb_regs.o(i.GetTxStallStatus), (28 bytes).
    Removing usb_regs.o(i.SetBTABLE), (16 bytes).
    Removing usb_regs.o(i.SetCNTR), (12 bytes).
    Removing usb_regs.o(i.SetDADDR), (12 bytes).
    Removing usb_regs.o(i.SetDouBleBuffEPStall), (52 bytes).
    Removing usb_regs.o(i.SetENDPOINT), (12 bytes).
    Removing usb_regs.o(i.SetEPAddress), (32 bytes).
    Removing usb_regs.o(i.SetEPCountRxReg), (48 bytes).
    Removing usb_regs.o(i.SetEPDblBuf0Addr), (32 bytes).
    Removing usb_regs.o(i.SetEPDblBuf0Count), (104 bytes).
    Removing usb_regs.o(i.SetEPDblBuf1Addr), (36 bytes).
    Removing usb_regs.o(i.SetEPDblBuf1Count), (104 bytes).
    Removing usb_regs.o(i.SetEPDblBuffAddr), (52 bytes).
    Removing usb_regs.o(i.SetEPDblBuffCount), (196 bytes).
    Removing usb_regs.o(i.SetEPDoubleBuff), (36 bytes).
    Removing usb_regs.o(i.SetEPRxAddr), (36 bytes).
    Removing usb_regs.o(i.SetEPRxCount), (76 bytes).
    Removing usb_regs.o(i.SetEPRxStatus), (56 bytes).
    Removing usb_regs.o(i.SetEPRxValid), (44 bytes).
    Removing usb_regs.o(i.SetEPTxAddr), (32 bytes).
    Removing usb_regs.o(i.SetEPTxCount), (28 bytes).
    Removing usb_regs.o(i.SetEPTxStatus), (56 bytes).
    Removing usb_regs.o(i.SetEPTxValid), (44 bytes).
    Removing usb_regs.o(i.SetEPType), (28 bytes).
    Removing usb_regs.o(i.SetEP_KIND), (36 bytes).
    Removing usb_regs.o(i.SetISTR), (12 bytes).
    Removing usb_regs.o(i.Set_Status_Out), (36 bytes).
    Removing usb_regs.o(i.ToWord), (8 bytes).
    Removing usb_regs.o(i.ToggleDTOG_RX), (32 bytes).
    Removing usb_regs.o(i.ToggleDTOG_TX), (32 bytes).
    Removing sdcard.o(i.DMA_RxConfiguration), (92 bytes).
    Removing sdcard.o(i.DMA_TxConfiguration), (100 bytes).
    Removing sdcard.o(i.IsCardProgramming), (412 bytes).
    Removing sdcard.o(i.SD_Erase), (308 bytes).
    Removing sdcard.o(i.SD_GetTransferState), (24 bytes).
    Removing sdcard.o(i.SD_PowerOFF), (14 bytes).
    Removing sdcard.o(i.SD_ProcessIRQSrc), (584 bytes).
    Removing sdcard.o(i.SD_ReadBlock), (576 bytes).
    Removing sdcard.o(i.SD_ReadMultiBlocks), (716 bytes).
    Removing sdcard.o(i.SD_SendSDStatus), (436 bytes).
    Removing sdcard.o(i.SD_SendStatus), (84 bytes).
    Removing sdcard.o(i.SD_StopTransfer), (52 bytes).
    Removing sdcard.o(i.SD_WriteBlock), (872 bytes).
    Removing sdcard.o(i.SD_WriteMultiBlocks), (1004 bytes).
    Removing sdcard.o(i.convert_from_bytes_to_power_of_two), (18 bytes).
    Removing my_sdcard.o(i.StartReadMultiBlocksDMA), (204 bytes).

198 unused section(s) (total 24198 bytes) removed from the image.

==============================================================================

Image Symbol Table

    Local Symbols

    Symbol Name                              Value     Ov Type        Size  Object(Section)

    ../clib/angel/boardlib.s                 0x00000000   Number         0  boardshut.o ABSOLUTE
    ../clib/angel/boardlib.s                 0x00000000   Number         0  boardinit1.o ABSOLUTE
    ../clib/angel/boardlib.s                 0x00000000   Number         0  boardinit2.o ABSOLUTE
    ../clib/angel/boardlib.s                 0x00000000   Number         0  boardinit3.o ABSOLUTE
    ../clib/angel/handlers.s                 0x00000000   Number         0  __scatter_zi.o ABSOLUTE
    ../clib/angel/handlers.s                 0x00000000   Number         0  __scatter_copy.o ABSOLUTE
    ../clib/angel/kernel.s                   0x00000000   Number         0  rtexit.o ABSOLUTE
    ../clib/angel/kernel.s                   0x00000000   Number         0  rtentry.o ABSOLUTE
    ../clib/angel/kernel.s                   0x00000000   Number         0  rtexit2.o ABSOLUTE
    ../clib/angel/kernel.s                   0x00000000   Number         0  rtentry2.o ABSOLUTE
    ../clib/angel/kernel.s                   0x00000000   Number         0  rtentry4.o ABSOLUTE
    ../clib/angel/rt.s                       0x00000000   Number         0  rt_raise.o ABSOLUTE
    ../clib/angel/scatter.s                  0x00000000   Number         0  __scatter.o ABSOLUTE
    ../clib/angel/startup.s                  0x00000000   Number         0  __main.o ABSOLUTE
    ../clib/angel/sys.s                      0x00000000   Number         0  sys_stackheap_outer.o ABSOLUTE
    ../clib/angel/sys.s                      0x00000000   Number         0  indicate_semi.o ABSOLUTE
    ../clib/angel/sys.s                      0x00000000   Number         0  use_no_semi.o ABSOLUTE
    ../clib/angel/sys.s                      0x00000000   Number         0  libspace.o ABSOLUTE
    ../clib/angel/sysapp.c                   0x00000000   Number         0  sys_wrch.o ABSOLUTE
    ../clib/angel/sysapp.c                   0x00000000   Number         0  sys_exit.o ABSOLUTE
    ../clib/angel/sysapp.c                   0x00000000   Number         0  sys_command.o ABSOLUTE
    ../clib/armsys.c                         0x00000000   Number         0  no_argv.o ABSOLUTE
    ../clib/armsys.c                         0x00000000   Number         0  _get_argv_nomalloc.o ABSOLUTE
    ../clib/armsys.c                         0x00000000   Number         0  argv_veneer.o ABSOLUTE
    ../clib/armsys.c                         0x00000000   Number         0  argv_veneer.o ABSOLUTE
    ../clib/heapalloc.c                      0x00000000   Number         0  hrguard.o ABSOLUTE
    ../clib/heapaux.c                        0x00000000   Number         0  heapauxi.o ABSOLUTE
    ../clib/libinit.s                        0x00000000   Number         0  libinit2.o ABSOLUTE
    ../clib/libinit.s                        0x00000000   Number         0  libshutdown2.o ABSOLUTE
    ../clib/libinit.s                        0x00000000   Number         0  libinit.o ABSOLUTE
    ../clib/libinit.s                        0x00000000   Number         0  libshutdown.o ABSOLUTE
    ../clib/signal.c                         0x00000000   Number         0  defsig_general.o ABSOLUTE
    ../clib/signal.c                         0x00000000   Number         0  defsig_rtmem_inner.o ABSOLUTE
    ../clib/signal.c                         0x00000000   Number         0  defsig_exit.o ABSOLUTE
    ../clib/signal.c                         0x00000000   Number         0  defsig_rtmem_formal.o ABSOLUTE
    ../clib/signal.c                         0x00000000   Number         0  defsig_rtmem_outer.o ABSOLUTE
    ../clib/signal.c                         0x00000000   Number         0  defsig_rtred_inner.o ABSOLUTE
    ../clib/signal.c                         0x00000000   Number         0  __raise.o ABSOLUTE
    ../clib/signal.c                         0x00000000   Number         0  defsig_fpe_inner.o ABSOLUTE
    ../clib/signal.c                         0x00000000   Number         0  defsig_abrt_inner.o ABSOLUTE
    ../clib/signal.c                         0x00000000   Number         0  defsig_other.o ABSOLUTE
    ../clib/signal.c                         0x00000000   Number         0  defsig_segv_inner.o ABSOLUTE
    ../clib/signal.c                         0x00000000   Number         0  defsig_cppl_inner.o ABSOLUTE
    ../clib/signal.c                         0x00000000   Number         0  defsig_pvfn_inner.o ABSOLUTE
    ../clib/signal.c                         0x00000000   Number         0  defsig_stak_inner.o ABSOLUTE
    ../clib/signal.s                         0x00000000   Number         0  defsig.o ABSOLUTE
    ../clib/stdlib.c                         0x00000000   Number         0  exit.o ABSOLUTE
    ../fplib/fpinit.s                        0x00000000   Number         0  fpinit.o ABSOLUTE
    ..\CMSIS\DeviceSupport\ST\STM32F10x\startup\arm\startup_stm32f10x_hd.s 0x00000000   Number         0  startup_stm32f10x_hd.o ABSOLUTE
    ..\CMSIS\DeviceSupport\ST\STM32F10x\system_stm32f10x.c 0x00000000   Number         0  system_stm32f10x.o ABSOLUTE
    ..\STM32F10x_StdPeriph_Driver\src\stm32f10x_dma.c 0x00000000   Number         0  stm32f10x_dma.o ABSOLUTE
    ..\STM32F10x_StdPeriph_Driver\src\stm32f10x_exti.c 0x00000000   Number         0  stm32f10x_exti.o ABSOLUTE
    ..\STM32F10x_StdPeriph_Driver\src\stm32f10x_fsmc.c 0x00000000   Number         0  stm32f10x_fsmc.o ABSOLUTE
    ..\STM32F10x_StdPeriph_Driver\src\stm32f10x_gpio.c 0x00000000   Number         0  stm32f10x_gpio.o ABSOLUTE
    ..\STM32F10x_StdPeriph_Driver\src\stm32f10x_pwr.c 0x00000000   Number         0  stm32f10x_pwr.o ABSOLUTE
    ..\STM32F10x_StdPeriph_Driver\src\stm32f10x_rcc.c 0x00000000   Number         0  stm32f10x_rcc.o ABSOLUTE
    ..\STM32F10x_StdPeriph_Driver\src\stm32f10x_rtc.c 0x00000000   Number         0  stm32f10x_rtc.o ABSOLUTE
    ..\STM32F10x_StdPeriph_Driver\src\stm32f10x_sdio.c 0x00000000   Number         0  stm32f10x_sdio.o ABSOLUTE
    ..\USER\SDCARD\my_sdcard.c               0x00000000   Number         0  my_sdcard.o ABSOLUTE
    ..\USER\SDCARD\sdcard.c                  0x00000000   Number         0  sdcard.o ABSOLUTE
    ..\USER\USB\BOT\bot.c                    0x00000000   Number         0  bot.o ABSOLUTE
    ..\USER\USB\BOT\scsi.c                   0x00000000   Number         0  scsi.o ABSOLUTE
    ..\USER\USB\usb.c                        0x00000000   Number         0  usb.o ABSOLUTE
    ..\USER\USB\usb_desc.c                   0x00000000   Number         0  usb_desc.o ABSOLUTE
    ..\USER\USB\usb_regs.c                   0x00000000   Number         0  usb_regs.o ABSOLUTE
    ..\USER\main\main.c                      0x00000000   Number         0  main.o ABSOLUTE
    ..\USER\main\stm32f10x_it.c              0x00000000   Number         0  stm32f10x_it.o ABSOLUTE
    dc.s                                     0x00000000   Number         0  dc.o ABSOLUTE
    RESET                                    0x08000000   Section      304  startup_stm32f10x_hd.o(RESET)
    !!!main                                  0x08000130   Section        8  __main.o(!!!main)
    !!!scatter                               0x08000138   Section       52  __scatter.o(!!!scatter)
    !!handler_copy                           0x0800016c   Section       26  __scatter_copy.o(!!handler_copy)
    !!handler_zi                             0x08000188   Section       28  __scatter_zi.o(!!handler_zi)
    .ARM.Collect$$libinit$$00000000          0x080001a4   Section        2  libinit.o(.ARM.Collect$$libinit$$00000000)
    .ARM.Collect$$libinit$$00000002          0x080001a6   Section        0  libinit2.o(.ARM.Collect$$libinit$$00000002)
    .ARM.Collect$$libinit$$00000008          0x080001a6   Section        0  libinit2.o(.ARM.Collect$$libinit$$00000008)
    .ARM.Collect$$libinit$$0000000A          0x080001a6   Section        0  libinit2.o(.ARM.Collect$$libinit$$0000000A)
    .ARM.Collect$$libinit$$0000000C          0x080001a6   Section        0  libinit2.o(.ARM.Collect$$libinit$$0000000C)
    .ARM.Collect$$libinit$$0000000F          0x080001a6   Section        0  libinit2.o(.ARM.Collect$$libinit$$0000000F)
    .ARM.Collect$$libinit$$00000011          0x080001a6   Section        0  libinit2.o(.ARM.Collect$$libinit$$00000011)
    .ARM.Collect$$libinit$$00000013          0x080001a6   Section        0  libinit2.o(.ARM.Collect$$libinit$$00000013)
    .ARM.Collect$$libinit$$00000015          0x080001a6   Section        0  libinit2.o(.ARM.Collect$$libinit$$00000015)
    .ARM.Collect$$libinit$$00000017          0x080001a6   Section        0  libinit2.o(.ARM.Collect$$libinit$$00000017)
    .ARM.Collect$$libinit$$00000019          0x080001a6   Section        0  libinit2.o(.ARM.Collect$$libinit$$00000019)
    .ARM.Collect$$libinit$$0000001B          0x080001a6   Section        0  libinit2.o(.ARM.Collect$$libinit$$0000001B)
    .ARM.Collect$$libinit$$0000001D          0x080001a6   Section        0  libinit2.o(.ARM.Collect$$libinit$$0000001D)
    .ARM.Collect$$libinit$$0000001F          0x080001a6   Section        0  libinit2.o(.ARM.Collect$$libinit$$0000001F)
    .ARM.Collect$$libinit$$00000021          0x080001a6   Section        0  libinit2.o(.ARM.Collect$$libinit$$00000021)
    .ARM.Collect$$libinit$$00000023          0x080001a6   Section        0  libinit2.o(.ARM.Collect$$libinit$$00000023)
    .ARM.Collect$$libinit$$0000002A          0x080001a6   Section        0  libinit2.o(.ARM.Collect$$libinit$$0000002A)
    .ARM.Collect$$libinit$$0000002C          0x080001a6   Section        0  libinit2.o(.ARM.Collect$$libinit$$0000002C)
    .ARM.Collect$$libinit$$0000002E          0x080001a6   Section        0  libinit2.o(.ARM.Collect$$libinit$$0000002E)
    .ARM.Collect$$libinit$$00000030          0x080001a6   Section        0  libinit2.o(.ARM.Collect$$libinit$$00000030)
    .ARM.Collect$$libinit$$00000031          0x080001a6   Section        2  libinit2.o(.ARM.Collect$$libinit$$00000031)
    .ARM.Collect$$libshutdown$$00000000      0x080001a8   Section        2  libshutdown.o(.ARM.Collect$$libshutdown$$00000000)
    .ARM.Collect$$libshutdown$$00000003      0x080001aa   Section        0  libshutdown2.o(.ARM.Collect$$libshutdown$$00000003)
    .ARM.Collect$$libshutdown$$00000006      0x080001aa   Section        0  libshutdown2.o(.ARM.Collect$$libshutdown$$00000006)
    .ARM.Collect$$libshutdown$$00000009      0x080001aa   Section        0  libshutdown2.o(.ARM.Collect$$libshutdown$$00000009)
    .ARM.Collect$$libshutdown$$0000000B      0x080001aa   Section        0  libshutdown2.o(.ARM.Collect$$libshutdown$$0000000B)
    .ARM.Collect$$libshutdown$$0000000E      0x080001aa   Section        0  libshutdown2.o(.ARM.Collect$$libshutdown$$0000000E)
    .ARM.Collect$$libshutdown$$0000000F      0x080001aa   Section        2  libshutdown2.o(.ARM.Collect$$libshutdown$$0000000F)
    .ARM.Collect$$rtentry$$00000000          0x080001ac   Section        0  rtentry.o(.ARM.Collect$$rtentry$$00000000)
    .ARM.Collect$$rtentry$$00000002          0x080001ac   Section        0  rtentry2.o(.ARM.Collect$$rtentry$$00000002)
    .ARM.Collect$$rtentry$$00000004          0x080001ac   Section        6  rtentry4.o(.ARM.Collect$$rtentry$$00000004)
    .ARM.Collect$$rtentry$$00000009          0x080001b2   Section        0  rtentry2.o(.ARM.Collect$$rtentry$$00000009)
    .ARM.Collect$$rtentry$$0000000A          0x080001b2   Section        4  rtentry2.o(.ARM.Collect$$rtentry$$0000000A)
    .ARM.Collect$$rtentry$$0000000C          0x080001b6   Section        0  rtentry2.o(.ARM.Collect$$rtentry$$0000000C)
    .ARM.Collect$$rtentry$$0000000D          0x080001b6   Section        8  rtentry2.o(.ARM.Collect$$rtentry$$0000000D)
    .ARM.Collect$$rtexit$$00000000           0x080001be   Section        2  rtexit.o(.ARM.Collect$$rtexit$$00000000)
    .ARM.Collect$$rtexit$$00000002           0x080001c0   Section        0  rtexit2.o(.ARM.Collect$$rtexit$$00000002)
    .ARM.Collect$$rtexit$$00000003           0x080001c0   Section        4  rtexit2.o(.ARM.Collect$$rtexit$$00000003)
    .ARM.Collect$$rtexit$$00000004           0x080001c4   Section        6  rtexit2.o(.ARM.Collect$$rtexit$$00000004)
    .text                                    0x080001cc   Section       64  startup_stm32f10x_hd.o(.text)
    .text                                    0x0800020c   Section        0  heapauxi.o(.text)
    .text                                    0x08000212   Section       74  sys_stackheap_outer.o(.text)
    .text                                    0x0800025c   Section        0  exit.o(.text)
    .text                                    0x08000268   Section        8  libspace.o(.text)
    .text                                    0x08000270   Section        0  sys_exit.o(.text)
    .text                                    0x0800027c   Section        2  use_no_semi.o(.text)
    .text                                    0x0800027e   Section        0  indicate_semi.o(.text)
    i.BusFault_Handler                       0x0800027e   Section        0  stm32f10x_it.o(i.BusFault_Handler)
    i.CBWDecode                              0x08000284   Section        0  bot.o(i.CBWDecode)
    i.CmdError                               0x08000768   Section        0  sdcard.o(i.CmdError)
    CmdError                                 0x08000769   Thumb Code    44  sdcard.o(i.CmdError)
    i.CmdResp1Error                          0x08000794   Section        0  sdcard.o(i.CmdResp1Error)
    CmdResp1Error                            0x08000795   Thumb Code   296  sdcard.o(i.CmdResp1Error)
    i.CmdResp2Error                          0x080008c4   Section        0  sdcard.o(i.CmdResp2Error)
    CmdResp2Error                            0x080008c5   Thumb Code    68  sdcard.o(i.CmdResp2Error)
    i.CmdResp3Error                          0x0800090c   Section        0  sdcard.o(i.CmdResp3Error)
    CmdResp3Error                            0x0800090d   Thumb Code    50  sdcard.o(i.CmdResp3Error)
    i.CmdResp6Error                          0x08000944   Section        0  sdcard.o(i.CmdResp6Error)
    CmdResp6Error                            0x08000945   Thumb Code   150  sdcard.o(i.CmdResp6Error)
    i.CmdResp7Error                          0x080009e0   Section        0  sdcard.o(i.CmdResp7Error)
    CmdResp7Error                            0x080009e1   Thumb Code    72  sdcard.o(i.CmdResp7Error)
    i.DMA2_Channel4_5_IRQHandler             0x08000a2c   Section        0  stm32f10x_it.o(i.DMA2_Channel4_5_IRQHandler)
    i.DebugMon_Handler                       0x08000ab4   Section        0  stm32f10x_it.o(i.DebugMon_Handler)
    i.EP_Status                              0x08000ab8   Section        0  usb.o(i.EP_Status)
    i.EPx_Reset                              0x08000b04   Section        0  usb.o(i.EPx_Reset)
    i.EXTI0_IRQHandler                       0x08000ba4   Section        0  stm32f10x_it.o(i.EXTI0_IRQHandler)
    i.EXTI_ClearITPendingBit                 0x08000bb8   Section        0  stm32f10x_exti.o(i.EXTI_ClearITPendingBit)
    i.EXTI_Init                              0x08000c0c   Section        0  stm32f10x_exti.o(i.EXTI_Init)
    i.FindSCR                                0x08000d30   Section        0  sdcard.o(i.FindSCR)
    FindSCR                                  0x08000d31   Thumb Code   388  sdcard.o(i.FindSCR)
    i.GPIO_EXTILineConfig                    0x08000ec8   Section        0  stm32f10x_gpio.o(i.GPIO_EXTILineConfig)
    i.GPIO_Init                              0x08000fb0   Section        0  stm32f10x_gpio.o(i.GPIO_Init)
    i.GPIO_ResetBits                         0x0800117c   Section        0  stm32f10x_gpio.o(i.GPIO_ResetBits)
    i.Get_Descriptor                         0x08001220   Section        0  usb.o(i.Get_Descriptor)
    i.HardFault_Handler                      0x08001300   Section        0  stm32f10x_it.o(i.HardFault_Handler)
    i.IN0Process                             0x08001304   Section        0  usb.o(i.IN0Process)
    i.IN1_Process                            0x0800135c   Section        0  bot.o(i.IN1_Process)
    i.Init_Periph                            0x08001440   Section        0  main.o(i.Init_Periph)
    i.MemManage_Handler                      0x08001610   Section        0  stm32f10x_it.o(i.MemManage_Handler)
    i.NMI_Handler                            0x08001614   Section        0  stm32f10x_it.o(i.NMI_Handler)
    i.NVIC_ClearPendingIRQ                   0x08001618   Section        0  main.o(i.NVIC_ClearPendingIRQ)
    NVIC_ClearPendingIRQ                     0x08001619   Thumb Code    18  main.o(i.NVIC_ClearPendingIRQ)
    i.NVIC_EnableIRQ                         0x08001630   Section        0  main.o(i.NVIC_EnableIRQ)
    NVIC_EnableIRQ                           0x08001631   Thumb Code    24  main.o(i.NVIC_EnableIRQ)
    i.NVIC_SetPriority                       0x08001648   Section        0  main.o(i.NVIC_SetPriority)
    NVIC_SetPriority                         0x08001649   Thumb Code    32  main.o(i.NVIC_SetPriority)
    i.OUT0Process                            0x08001670   Section        0  usb.o(i.OUT0Process)
    i.OUT2_Process                           0x080016a4   Section        0  bot.o(i.OUT2_Process)
    i.PendSV_Handler                         0x0800183c   Section        0  stm32f10x_it.o(i.PendSV_Handler)
    i.RCC_AHBPeriphClockCmd                  0x08001840   Section        0  stm32f10x_rcc.o(i.RCC_AHBPeriphClockCmd)
    i.RCC_APB1PeriphClockCmd                 0x080018c4   Section        0  stm32f10x_rcc.o(i.RCC_APB1PeriphClockCmd)
    i.RCC_APB2PeriphClockCmd                 0x08001948   Section        0  stm32f10x_rcc.o(i.RCC_APB2PeriphClockCmd)
    i.RCC_USBCLKConfig                       0x080019cc   Section        0  stm32f10x_rcc.o(i.RCC_USBCLKConfig)
    i.Read_EPbuffer                          0x08001a20   Section        0  usb.o(i.Read_EPbuffer)
    i.SDCmdSetBlockLen                       0x08001aa0   Section        0  my_sdcard.o(i.SDCmdSetBlockLen)
    i.SDCmdSetSendStatus                     0x08001ae8   Section        0  my_sdcard.o(i.SDCmdSetSendStatus)
    i.SDEnWideBus                            0x08001b34   Section        0  sdcard.o(i.SDEnWideBus)
    SDEnWideBus                              0x08001b35   Thumb Code   280  sdcard.o(i.SDEnWideBus)
    i.SDIO_ClearFlag                         0x08001c54   Section        0  stm32f10x_sdio.o(i.SDIO_ClearFlag)
    i.SDIO_ClockCmd                          0x08001cb0   Section        0  stm32f10x_sdio.o(i.SDIO_ClockCmd)
    i.SDIO_DataConfig                        0x08001d04   Section        0  stm32f10x_sdio.o(i.SDIO_DataConfig)
    i.SDIO_DeInit                            0x08001e24   Section        0  stm32f10x_sdio.o(i.SDIO_DeInit)
    i.SDIO_GetCommandResponse                0x08001e48   Section        0  stm32f10x_sdio.o(i.SDIO_GetCommandResponse)
    i.SDIO_GetFlagStatus                     0x08001e54   Section        0  stm32f10x_sdio.o(i.SDIO_GetFlagStatus)
    i.SDIO_GetPowerState                     0x08001f30   Section        0  stm32f10x_sdio.o(i.SDIO_GetPowerState)
    i.SDIO_GetResponse                       0x08001f40   Section        0  stm32f10x_sdio.o(i.SDIO_GetResponse)
    i.SDIO_IRQHandler                        0x08001fa8   Section        0  stm32f10x_it.o(i.SDIO_IRQHandler)
    i.SDIO_Init                              0x08002078   Section        0  stm32f10x_sdio.o(i.SDIO_Init)
    i.SDIO_ReadData                          0x08002154   Section        0  stm32f10x_sdio.o(i.SDIO_ReadData)
    i.SDIO_SendCommand                       0x08002160   Section        0  stm32f10x_sdio.o(i.SDIO_SendCommand)
    i.SDIO_SetPowerState                     0x08002228   Section        0  stm32f10x_sdio.o(i.SDIO_SetPowerState)
    i.SD_EnableWideBusOperation              0x0800228c   Section        0  sdcard.o(i.SD_EnableWideBusOperation)
    i.SD_GetCardInfo                         0x08002328   Section        0  sdcard.o(i.SD_GetCardInfo)
    i.SD_Init                                0x08002588   Section        0  sdcard.o(i.SD_Init)
    i.SD_InitializeCards                     0x080025d0   Section        0  sdcard.o(i.SD_InitializeCards)
    i.SD_LowLevel_Init                       0x08002710   Section        0  sdcard.o(i.SD_LowLevel_Init)
    i.SD_PowerON                             0x08002770   Section        0  sdcard.o(i.SD_PowerON)
    i.SD_SelectDeselect                      0x0800291c   Section        0  sdcard.o(i.SD_SelectDeselect)
    i.SD_SetDeviceMode                       0x08002950   Section        0  sdcard.o(i.SD_SetDeviceMode)
    i.SETUP0Process                          0x0800296c   Section        0  usb.o(i.SETUP0Process)
    i.SVC_Handler                            0x08002b64   Section        0  stm32f10x_it.o(i.SVC_Handler)
    i.SetSysClock                            0x08002b66   Section        0  system_stm32f10x.o(i.SetSysClock)
    SetSysClock                              0x08002b67   Thumb Code     8  system_stm32f10x.o(i.SetSysClock)
    i.SetSysClockTo72                        0x08002b70   Section        0  system_stm32f10x.o(i.SetSysClockTo72)
    SetSysClockTo72                          0x08002b71   Thumb Code   212  system_stm32f10x.o(i.SetSysClockTo72)
    i.StartReadBlockDMA                      0x08002c4c   Section        0  my_sdcard.o(i.StartReadBlockDMA)
    i.StartWriteBlockDMA                     0x08002d10   Section        0  my_sdcard.o(i.StartWriteBlockDMA)
    i.StartWriteMultiBlocksDMA               0x08002dd4   Section        0  my_sdcard.o(i.StartWriteMultiBlocksDMA)
    i.Suspend                                0x08002f54   Section        0  main.o(i.Suspend)
    i.SystemInit                             0x08003084   Section        0  system_stm32f10x.o(i.SystemInit)
    i.TIM6_IRQHandler                        0x080030e4   Section        0  stm32f10x_it.o(i.TIM6_IRQHandler)
    i.USBWakeUp_IRQHandler                   0x08003118   Section        0  stm32f10x_it.o(i.USBWakeUp_IRQHandler)
    i.USB_Cable_Config                       0x08003124   Section        0  main.o(i.USB_Cable_Config)
    i.USB_Init                               0x08003174   Section        0  main.o(i.USB_Init)
    i.USB_LP_CAN1_RX0_IRQHandler             0x080031dc   Section        0  stm32f10x_it.o(i.USB_LP_CAN1_RX0_IRQHandler)
    i.UsageFault_Handler                     0x08003318   Section        0  stm32f10x_it.o(i.UsageFault_Handler)
    i.WakeUp                                 0x0800331c   Section        0  main.o(i.WakeUp)
    i.Write_EPbuffer                         0x08003394   Section        0  usb.o(i.Write_EPbuffer)
    i.assert_failed                          0x08003418   Section        0  main.o(i.assert_failed)
    i.main                                   0x0800341c   Section        0  main.o(i.main)
    i.sdCardInitialization                   0x080034c8   Section        0  main.o(i.sdCardInitialization)
    .constdata                               0x08003548   Section      146  usb_desc.o(.constdata)
    .data                                    0x20004000   Section       12  main.o(.data)
    .data                                    0x2000400c   Section        1  stm32f10x_it.o(.data)
    .data                                    0x20004010   Section       10  usb.o(.data)
    p                                        0x20004014   Data           4  usb.o(.data)
    .data                                    0x2000401a   Section       24  usb_desc.o(.data)
    .data                                    0x20004034   Section       38  bot.o(.data)
    .data                                    0x2000405a   Section       91  scsi.o(.data)
    .data                                    0x200040b8   Section       40  sdcard.o(.data)
    CardType                                 0x200040b8   Data           4  sdcard.o(.data)
    RCA                                      0x200040bc   Data           4  sdcard.o(.data)
    DeviceMode                               0x200040c0   Data           4  sdcard.o(.data)
    TotalNumberOfBytes                       0x200040c4   Data           4  sdcard.o(.data)
    .data                                    0x200040e0   Section        3  my_sdcard.o(.data)
    .bss                                     0x200040e4   Section       68  main.o(.bss)
    .bss                                     0x20004128   Section      256  usb.o(.bss)
    .bss                                     0x20004228   Section     9248  bot.o(.bss)
    .bss                                     0x20006648   Section      100  sdcard.o(.bss)
    CSD_Tab                                  0x20006648   Data          16  sdcard.o(.bss)
    CID_Tab                                  0x20006658   Data          16  sdcard.o(.bss)
    .bss                                     0x200066ac   Section       96  libspace.o(.bss)
    HEAP                                     0x20006710   Section      512  startup_stm32f10x_hd.o(HEAP)
    Heap_Mem                                 0x20006710   Data         512  startup_stm32f10x_hd.o(HEAP)
    STACK                                    0x20006910   Section     1536  startup_stm32f10x_hd.o(STACK)
    Stack_Mem                                0x20006910   Data        1536  startup_stm32f10x_hd.o(STACK)
    __initial_sp                             0x20006f10   Data           0  startup_stm32f10x_hd.o(STACK)

    Global Symbols

    Symbol Name                              Value     Ov Type        Size  Object(Section)

    BuildAttributes$$THM_ISAv4$P$D$K$B$S$PE$A:L22UL41UL21$X:L11$S22US41US21$IEEE1$IW$USESV6$~STKCKD$USESV7$~SHL$OSPACE$ROPI$EBA8$UX$STANDARDLIB$REQ8$PRES8$EABIv2 0x00000000   Number         0  anon$$obj.o ABSOLUTE
    __ARM_use_no_argv                        0x00000000   Number         0  main.o ABSOLUTE
    __ARM_exceptions_init                     - Undefined Weak Reference
    __alloca_initialize                       - Undefined Weak Reference
    __cpp_initialize__aeabi_                  - Undefined Weak Reference
    __cxa_finalize                            - Undefined Weak Reference
    __rt_locale                               - Undefined Weak Reference
    __sigvec_lookup                           - Undefined Weak Reference
    _atexit_init                              - Undefined Weak Reference
    _call_atexit_fns                          - Undefined Weak Reference
    _clock_init                               - Undefined Weak Reference
    _fp_trap_init                             - Undefined Weak Reference
    _fp_trap_shutdown                         - Undefined Weak Reference
    _get_lc_collate                           - Undefined Weak Reference
    _get_lc_ctype                             - Undefined Weak Reference
    _get_lc_monetary                          - Undefined Weak Reference
    _get_lc_numeric                           - Undefined Weak Reference
    _get_lc_time                              - Undefined Weak Reference
    _getenv_init                              - Undefined Weak Reference
    _handle_redirection                       - Undefined Weak Reference
    _init_alloc                               - Undefined Weak Reference
    _init_user_alloc                          - Undefined Weak Reference
    _initio                                   - Undefined Weak Reference
    _rand_init                                - Undefined Weak Reference
    _signal_finish                            - Undefined Weak Reference
    _signal_init                              - Undefined Weak Reference
    _terminate_alloc                          - Undefined Weak Reference
    _terminate_user_alloc                     - Undefined Weak Reference
    _terminateio                              - Undefined Weak Reference
    __Vectors_Size                           0x00000130   Number         0  startup_stm32f10x_hd.o ABSOLUTE
    __Vectors                                0x08000000   Data           4  startup_stm32f10x_hd.o(RESET)
    __Vectors_End                            0x08000130   Data           0  startup_stm32f10x_hd.o(RESET)
    __main                                   0x08000131   Thumb Code     8  __main.o(!!!main)
    __scatterload                            0x08000139   Thumb Code     0  __scatter.o(!!!scatter)
    __scatterload_rt2                        0x08000139   Thumb Code    44  __scatter.o(!!!scatter)
    __scatterload_rt2_thumb_only             0x08000139   Thumb Code     0  __scatter.o(!!!scatter)
    __scatterload_null                       0x08000147   Thumb Code     0  __scatter.o(!!!scatter)
    __scatterload_copy                       0x0800016d   Thumb Code    26  __scatter_copy.o(!!handler_copy)
    __scatterload_zeroinit                   0x08000189   Thumb Code    28  __scatter_zi.o(!!handler_zi)
    __rt_lib_init                            0x080001a5   Thumb Code     0  libinit.o(.ARM.Collect$$libinit$$00000000)
    __rt_lib_init_alloca_1                   0x080001a7   Thumb Code     0  libinit2.o(.ARM.Collect$$libinit$$0000002C)
    __rt_lib_init_argv_1                     0x080001a7   Thumb Code     0  libinit2.o(.ARM.Collect$$libinit$$0000002A)
    __rt_lib_init_atexit_1                   0x080001a7   Thumb Code     0  libinit2.o(.ARM.Collect$$libinit$$00000019)
    __rt_lib_init_clock_1                    0x080001a7   Thumb Code     0  libinit2.o(.ARM.Collect$$libinit$$0000001F)
    __rt_lib_init_cpp_1                      0x080001a7   Thumb Code     0  libinit2.o(.ARM.Collect$$libinit$$00000030)
    __rt_lib_init_exceptions_1               0x080001a7   Thumb Code     0  libinit2.o(.ARM.Collect$$libinit$$0000002E)
    __rt_lib_init_fp_1                       0x080001a7   Thumb Code     0  libinit2.o(.ARM.Collect$$libinit$$00000002)
    __rt_lib_init_fp_trap_1                  0x080001a7   Thumb Code     0  libinit2.o(.ARM.Collect$$libinit$$0000001D)
    __rt_lib_init_getenv_1                   0x080001a7   Thumb Code     0  libinit2.o(.ARM.Collect$$libinit$$00000021)
    __rt_lib_init_heap_1                     0x080001a7   Thumb Code     0  libinit2.o(.ARM.Collect$$libinit$$00000008)
    __rt_lib_init_lc_collate_1               0x080001a7   Thumb Code     0  libinit2.o(.ARM.Collect$$libinit$$0000000F)
    __rt_lib_init_lc_ctype_1                 0x080001a7   Thumb Code     0  libinit2.o(.ARM.Collect$$libinit$$00000011)
    __rt_lib_init_lc_monetary_1              0x080001a7   Thumb Code     0  libinit2.o(.ARM.Collect$$libinit$$00000013)
    __rt_lib_init_lc_numeric_1               0x080001a7   Thumb Code     0  libinit2.o(.ARM.Collect$$libinit$$00000015)
    __rt_lib_init_lc_time_1                  0x080001a7   Thumb Code     0  libinit2.o(.ARM.Collect$$libinit$$00000017)
    __rt_lib_init_rand_1                     0x080001a7   Thumb Code     0  libinit2.o(.ARM.Collect$$libinit$$0000000C)
    __rt_lib_init_return                     0x080001a7   Thumb Code     0  libinit2.o(.ARM.Collect$$libinit$$00000031)
    __rt_lib_init_signal_1                   0x080001a7   Thumb Code     0  libinit2.o(.ARM.Collect$$libinit$$0000001B)
    __rt_lib_init_stdio_1                    0x080001a7   Thumb Code     0  libinit2.o(.ARM.Collect$$libinit$$00000023)
    __rt_lib_init_user_alloc_1               0x080001a7   Thumb Code     0  libinit2.o(.ARM.Collect$$libinit$$0000000A)
    __rt_lib_shutdown                        0x080001a9   Thumb Code     0  libshutdown.o(.ARM.Collect$$libshutdown$$00000000)
    __rt_lib_shutdown_fp_trap_1              0x080001ab   Thumb Code     0  libshutdown2.o(.ARM.Collect$$libshutdown$$00000006)
    __rt_lib_shutdown_heap_1                 0x080001ab   Thumb Code     0  libshutdown2.o(.ARM.Collect$$libshutdown$$0000000E)
    __rt_lib_shutdown_return                 0x080001ab   Thumb Code     0  libshutdown2.o(.ARM.Collect$$libshutdown$$0000000F)
    __rt_lib_shutdown_signal_1               0x080001ab   Thumb Code     0  libshutdown2.o(.ARM.Collect$$libshutdown$$00000009)
    __rt_lib_shutdown_stdio_1                0x080001ab   Thumb Code     0  libshutdown2.o(.ARM.Collect$$libshutdown$$00000003)
    __rt_lib_shutdown_user_alloc_1           0x080001ab   Thumb Code     0  libshutdown2.o(.ARM.Collect$$libshutdown$$0000000B)
    __rt_entry                               0x080001ad   Thumb Code     0  rtentry.o(.ARM.Collect$$rtentry$$00000000)
    __rt_entry_presh_1                       0x080001ad   Thumb Code     0  rtentry2.o(.ARM.Collect$$rtentry$$00000002)
    __rt_entry_sh                            0x080001ad   Thumb Code     0  rtentry4.o(.ARM.Collect$$rtentry$$00000004)
    __rt_entry_li                            0x080001b3   Thumb Code     0  rtentry2.o(.ARM.Collect$$rtentry$$0000000A)
    __rt_entry_postsh_1                      0x080001b3   Thumb Code     0  rtentry2.o(.ARM.Collect$$rtentry$$00000009)
    __rt_entry_main                          0x080001b7   Thumb Code     0  rtentry2.o(.ARM.Collect$$rtentry$$0000000D)
    __rt_entry_postli_1                      0x080001b7   Thumb Code     0  rtentry2.o(.ARM.Collect$$rtentry$$0000000C)
    __rt_exit                                0x080001bf   Thumb Code     0  rtexit.o(.ARM.Collect$$rtexit$$00000000)
    __rt_exit_ls                             0x080001c1   Thumb Code     0  rtexit2.o(.ARM.Collect$$rtexit$$00000003)
    __rt_exit_prels_1                        0x080001c1   Thumb Code     0  rtexit2.o(.ARM.Collect$$rtexit$$00000002)
    __rt_exit_exit                           0x080001c5   Thumb Code     0  rtexit2.o(.ARM.Collect$$rtexit$$00000004)
    Reset_Handler                            0x080001cd   Thumb Code     8  startup_stm32f10x_hd.o(.text)
    SysTick_Handler                          0x080001e5   Thumb Code     2  startup_stm32f10x_hd.o(.text)
    ADC1_2_IRQHandler                        0x080001e7   Thumb Code     0  startup_stm32f10x_hd.o(.text)
    ADC3_IRQHandler                          0x080001e7   Thumb Code     0  startup_stm32f10x_hd.o(.text)
    CAN1_RX1_IRQHandler                      0x080001e7   Thumb Code     0  startup_stm32f10x_hd.o(.text)
    CAN1_SCE_IRQHandler                      0x080001e7   Thumb Code     0  startup_stm32f10x_hd.o(.text)
    DMA1_Channel1_IRQHandler                 0x080001e7   Thumb Code     0  startup_stm32f10x_hd.o(.text)
    DMA1_Channel2_IRQHandler                 0x080001e7   Thumb Code     0  startup_stm32f10x_hd.o(.text)
    DMA1_Channel3_IRQHandler                 0x080001e7   Thumb Code     0  startup_stm32f10x_hd.o(.text)
    DMA1_Channel4_IRQHandler                 0x080001e7   Thumb Code     0  startup_stm32f10x_hd.o(.text)
    DMA1_Channel5_IRQHandler                 0x080001e7   Thumb Code     0  startup_stm32f10x_hd.o(.text)
    DMA1_Channel6_IRQHandler                 0x080001e7   Thumb Code     0  startup_stm32f10x_hd.o(.text)
    DMA1_Channel7_IRQHandler                 0x080001e7   Thumb Code     0  startup_stm32f10x_hd.o(.text)
    DMA2_Channel1_IRQHandler                 0x080001e7   Thumb Code     0  startup_stm32f10x_hd.o(.text)
    DMA2_Channel2_IRQHandler                 0x080001e7   Thumb Code     0  startup_stm32f10x_hd.o(.text)
    DMA2_Channel3_IRQHandler                 0x080001e7   Thumb Code     0  startup_stm32f10x_hd.o(.text)
    EXTI15_10_IRQHandler                     0x080001e7   Thumb Code     0  startup_stm32f10x_hd.o(.text)
    EXTI1_IRQHandler                         0x080001e7   Thumb Code     0  startup_stm32f10x_hd.o(.text)
    EXTI2_IRQHandler                         0x080001e7   Thumb Code     0  startup_stm32f10x_hd.o(.text)
    EXTI3_IRQHandler                         0x080001e7   Thumb Code     0  startup_stm32f10x_hd.o(.text)
    EXTI4_IRQHandler                         0x080001e7   Thumb Code     0  startup_stm32f10x_hd.o(.text)
    EXTI9_5_IRQHandler                       0x080001e7   Thumb Code     0  startup_stm32f10x_hd.o(.text)
    FLASH_IRQHandler                         0x080001e7   Thumb Code     0  startup_stm32f10x_hd.o(.text)
    FSMC_IRQHandler                          0x080001e7   Thumb Code     0  startup_stm32f10x_hd.o(.text)
    I2C1_ER_IRQHandler                       0x080001e7   Thumb Code     0  startup_stm32f10x_hd.o(.text)
    I2C1_EV_IRQHandler                       0x080001e7   Thumb Code     0  startup_stm32f10x_hd.o(.text)
    I2C2_ER_IRQHandler                       0x080001e7   Thumb Code     0  startup_stm32f10x_hd.o(.text)
    I2C2_EV_IRQHandler                       0x080001e7   Thumb Code     0  startup_stm32f10x_hd.o(.text)
    PVD_IRQHandler                           0x080001e7   Thumb Code     0  startup_stm32f10x_hd.o(.text)
    RCC_IRQHandler                           0x080001e7   Thumb Code     0  startup_stm32f10x_hd.o(.text)
    RTCAlarm_IRQHandler                      0x080001e7   Thumb Code     0  startup_stm32f10x_hd.o(.text)
    RTC_IRQHandler                           0x080001e7   Thumb Code     0  startup_stm32f10x_hd.o(.text)
    SPI1_IRQHandler                          0x080001e7   Thumb Code     0  startup_stm32f10x_hd.o(.text)
    SPI2_IRQHandler                          0x080001e7   Thumb Code     0  startup_stm32f10x_hd.o(.text)
    SPI3_IRQHandler                          0x080001e7   Thumb Code     0  startup_stm32f10x_hd.o(.text)
    TAMPER_IRQHandler                        0x080001e7   Thumb Code     0  startup_stm32f10x_hd.o(.text)
    TIM1_BRK_IRQHandler                      0x080001e7   Thumb Code     0  startup_stm32f10x_hd.o(.text)
    TIM1_CC_IRQHandler                       0x080001e7   Thumb Code     0  startup_stm32f10x_hd.o(.text)
    TIM1_TRG_COM_IRQHandler                  0x080001e7   Thumb Code     0  startup_stm32f10x_hd.o(.text)
    TIM1_UP_IRQHandler                       0x080001e7   Thumb Code     0  startup_stm32f10x_hd.o(.text)
    TIM2_IRQHandler                          0x080001e7   Thumb Code     0  startup_stm32f10x_hd.o(.text)
    TIM3_IRQHandler                          0x080001e7   Thumb Code     0  startup_stm32f10x_hd.o(.text)
    TIM4_IRQHandler                          0x080001e7   Thumb Code     0  startup_stm32f10x_hd.o(.text)
    TIM5_IRQHandler                          0x080001e7   Thumb Code     0  startup_stm32f10x_hd.o(.text)
    TIM7_IRQHandler                          0x080001e7   Thumb Code     0  startup_stm32f10x_hd.o(.text)
    TIM8_BRK_IRQHandler                      0x080001e7   Thumb Code     0  startup_stm32f10x_hd.o(.text)
    TIM8_CC_IRQHandler                       0x080001e7   Thumb Code     0  startup_stm32f10x_hd.o(.text)
    TIM8_TRG_COM_IRQHandler                  0x080001e7   Thumb Code     0  startup_stm32f10x_hd.o(.text)
    TIM8_UP_IRQHandler                       0x080001e7   Thumb Code     0  startup_stm32f10x_hd.o(.text)
    UART4_IRQHandler                         0x080001e7   Thumb Code     0  startup_stm32f10x_hd.o(.text)
    UART5_IRQHandler                         0x080001e7   Thumb Code     0  startup_stm32f10x_hd.o(.text)
    USART1_IRQHandler                        0x080001e7   Thumb Code     0  startup_stm32f10x_hd.o(.text)
    USART2_IRQHandler                        0x080001e7   Thumb Code     0  startup_stm32f10x_hd.o(.text)
    USART3_IRQHandler                        0x080001e7   Thumb Code     0  startup_stm32f10x_hd.o(.text)
    USB_HP_CAN1_TX_IRQHandler                0x080001e7   Thumb Code     0  startup_stm32f10x_hd.o(.text)
    WWDG_IRQHandler                          0x080001e7   Thumb Code     0  startup_stm32f10x_hd.o(.text)
    __user_initial_stackheap                 0x080001e9   Thumb Code     0  startup_stm32f10x_hd.o(.text)
    __use_two_region_memory                  0x0800020d   Thumb Code     2  heapauxi.o(.text)
    __rt_heap_escrow$2region                 0x0800020f   Thumb Code     2  heapauxi.o(.text)
    __rt_heap_expand$2region                 0x08000211   Thumb Code     2  heapauxi.o(.text)
    __user_setup_stackheap                   0x08000213   Thumb Code    74  sys_stackheap_outer.o(.text)
    exit                                     0x0800025d   Thumb Code    12  exit.o(.text)
    __user_libspace                          0x08000269   Thumb Code     8  libspace.o(.text)
    __user_perproc_libspace                  0x08000269   Thumb Code     0  libspace.o(.text)
    __user_perthread_libspace                0x08000269   Thumb Code     0  libspace.o(.text)
    _sys_exit                                0x08000271   Thumb Code     8  sys_exit.o(.text)
    __I$use$semihosting                      0x0800027d   Thumb Code     0  use_no_semi.o(.text)
    __use_no_semihosting_swi                 0x0800027d   Thumb Code     2  use_no_semi.o(.text)
    BusFault_Handler                         0x0800027f   Thumb Code     4  stm32f10x_it.o(i.BusFault_Handler)
    __semihosting_library_function           0x0800027f   Thumb Code     0  indicate_semi.o(.text)
    CBWDecode                                0x08000285   Thumb Code  1214  bot.o(i.CBWDecode)
    DMA2_Channel4_5_IRQHandler               0x08000a2d   Thumb Code   118  stm32f10x_it.o(i.DMA2_Channel4_5_IRQHandler)
    DebugMon_Handler                         0x08000ab5   Thumb Code     2  stm32f10x_it.o(i.DebugMon_Handler)
    EP_Status                                0x08000ab9   Thumb Code    72  usb.o(i.EP_Status)
    EPx_Reset                                0x08000b05   Thumb Code   150  usb.o(i.EPx_Reset)
    EXTI0_IRQHandler                         0x08000ba5   Thumb Code    14  stm32f10x_it.o(i.EXTI0_IRQHandler)
    EXTI_ClearITPendingBit                   0x08000bb9   Thumb Code    28  stm32f10x_exti.o(i.EXTI_ClearITPendingBit)
    EXTI_Init                                0x08000c0d   Thumb Code   236  stm32f10x_exti.o(i.EXTI_Init)
    GPIO_EXTILineConfig                      0x08000ec9   Thumb Code   176  stm32f10x_gpio.o(i.GPIO_EXTILineConfig)
    GPIO_Init                                0x08000fb1   Thumb Code   378  stm32f10x_gpio.o(i.GPIO_Init)
    GPIO_ResetBits                           0x0800117d   Thumb Code    82  stm32f10x_gpio.o(i.GPIO_ResetBits)
    Get_Descriptor                           0x08001221   Thumb Code   192  usb.o(i.Get_Descriptor)
    HardFault_Handler                        0x08001301   Thumb Code     4  stm32f10x_it.o(i.HardFault_Handler)
    IN0Process                               0x08001305   Thumb Code    62  usb.o(i.IN0Process)
    IN1_Process                              0x0800135d   Thumb Code   200  bot.o(i.IN1_Process)
    Init_Periph                              0x08001441   Thumb Code   428  main.o(i.Init_Periph)
    MemManage_Handler                        0x08001611   Thumb Code     4  stm32f10x_it.o(i.MemManage_Handler)
    NMI_Handler                              0x08001615   Thumb Code     2  stm32f10x_it.o(i.NMI_Handler)
    OUT0Process                              0x08001671   Thumb Code    42  usb.o(i.OUT0Process)
    OUT2_Process                             0x080016a5   Thumb Code   370  bot.o(i.OUT2_Process)
    PendSV_Handler                           0x0800183d   Thumb Code     2  stm32f10x_it.o(i.PendSV_Handler)
    RCC_AHBPeriphClockCmd                    0x08001841   Thumb Code    74  stm32f10x_rcc.o(i.RCC_AHBPeriphClockCmd)
    RCC_APB1PeriphClockCmd                   0x080018c5   Thumb Code    70  stm32f10x_rcc.o(i.RCC_APB1PeriphClockCmd)
    RCC_APB2PeriphClockCmd                   0x08001949   Thumb Code    70  stm32f10x_rcc.o(i.RCC_APB2PeriphClockCmd)
    RCC_USBCLKConfig                         0x080019cd   Thumb Code    28  stm32f10x_rcc.o(i.RCC_USBCLKConfig)
    Read_EPbuffer                            0x08001a21   Thumb Code   118  usb.o(i.Read_EPbuffer)
    SDCmdSetBlockLen                         0x08001aa1   Thumb Code    66  my_sdcard.o(i.SDCmdSetBlockLen)
    SDCmdSetSendStatus                       0x08001ae9   Thumb Code    72  my_sdcard.o(i.SDCmdSetSendStatus)
    SDIO_ClearFlag                           0x08001c55   Thumb Code    30  stm32f10x_sdio.o(i.SDIO_ClearFlag)
    SDIO_ClockCmd                            0x08001cb1   Thumb Code    26  stm32f10x_sdio.o(i.SDIO_ClockCmd)
    SDIO_DataConfig                          0x08001d05   Thumb Code   232  stm32f10x_sdio.o(i.SDIO_DataConfig)
    SDIO_DeInit                              0x08001e25   Thumb Code    28  stm32f10x_sdio.o(i.SDIO_DeInit)
    SDIO_GetCommandResponse                  0x08001e49   Thumb Code     8  stm32f10x_sdio.o(i.SDIO_GetCommandResponse)
    SDIO_GetFlagStatus                       0x08001e55   Thumb Code   164  stm32f10x_sdio.o(i.SDIO_GetFlagStatus)
    SDIO_GetPowerState                       0x08001f31   Thumb Code    10  stm32f10x_sdio.o(i.SDIO_GetPowerState)
    SDIO_GetResponse                         0x08001f41   Thumb Code    46  stm32f10x_sdio.o(i.SDIO_GetResponse)
    SDIO_IRQHandler                          0x08001fa9   Thumb Code   194  stm32f10x_it.o(i.SDIO_IRQHandler)
    SDIO_Init                                0x08002079   Thumb Code   164  stm32f10x_sdio.o(i.SDIO_Init)
    SDIO_ReadData                            0x08002155   Thumb Code     6  stm32f10x_sdio.o(i.SDIO_ReadData)
    SDIO_SendCommand                         0x08002161   Thumb Code   144  stm32f10x_sdio.o(i.SDIO_SendCommand)
    SDIO_SetPowerState                       0x08002229   Thumb Code    42  stm32f10x_sdio.o(i.SDIO_SetPowerState)
    SD_EnableWideBusOperation                0x0800228d   Thumb Code   146  sdcard.o(i.SD_EnableWideBusOperation)
    SD_GetCardInfo                           0x08002329   Thumb Code   592  sdcard.o(i.SD_GetCardInfo)
    SD_Init                                  0x08002589   Thumb Code    68  sdcard.o(i.SD_Init)
    SD_InitializeCards                       0x080025d1   Thumb Code   300  sdcard.o(i.SD_InitializeCards)
    SD_LowLevel_Init                         0x08002711   Thumb Code    84  sdcard.o(i.SD_LowLevel_Init)
    SD_PowerON                               0x08002771   Thumb Code   412  sdcard.o(i.SD_PowerON)
    SD_SelectDeselect                        0x0800291d   Thumb Code    48  sdcard.o(i.SD_SelectDeselect)
    SD_SetDeviceMode                         0x08002951   Thumb Code    24  sdcard.o(i.SD_SetDeviceMode)
    SETUP0Process                            0x0800296d   Thumb Code   474  usb.o(i.SETUP0Process)
    SVC_Handler                              0x08002b65   Thumb Code     2  stm32f10x_it.o(i.SVC_Handler)
    StartReadBlockDMA                        0x08002c4d   Thumb Code   186  my_sdcard.o(i.StartReadBlockDMA)
    StartWriteBlockDMA                       0x08002d11   Thumb Code   186  my_sdcard.o(i.StartWriteBlockDMA)
    StartWriteMultiBlocksDMA                 0x08002dd5   Thumb Code   368  my_sdcard.o(i.StartWriteMultiBlocksDMA)
    Suspend                                  0x08002f55   Thumb Code   266  main.o(i.Suspend)
    SystemInit                               0x08003085   Thumb Code    78  system_stm32f10x.o(i.SystemInit)
    TIM6_IRQHandler                          0x080030e5   Thumb Code    34  stm32f10x_it.o(i.TIM6_IRQHandler)
    USBWakeUp_IRQHandler                     0x08003119   Thumb Code    12  stm32f10x_it.o(i.USBWakeUp_IRQHandler)
    USB_Cable_Config                         0x08003125   Thumb Code    74  main.o(i.USB_Cable_Config)
    USB_Init                                 0x08003175   Thumb Code   100  main.o(i.USB_Init)
    USB_LP_CAN1_RX0_IRQHandler               0x080031dd   Thumb Code   308  stm32f10x_it.o(i.USB_LP_CAN1_RX0_IRQHandler)
    UsageFault_Handler                       0x08003319   Thumb Code     4  stm32f10x_it.o(i.UsageFault_Handler)
    WakeUp                                   0x0800331d   Thumb Code   100  main.o(i.WakeUp)
    Write_EPbuffer                           0x08003395   Thumb Code   124  usb.o(i.Write_EPbuffer)
    assert_failed                            0x08003419   Thumb Code     4  main.o(i.assert_failed)
    main                                     0x0800341d   Thumb Code   146  main.o(i.main)
    sdCardInitialization                     0x080034c9   Thumb Code   114  main.o(i.sdCardInitialization)
    DeviceDescriptor                         0x08003548   Data          18  usb_desc.o(.constdata)
    ConfigDescriptor                         0x0800355a   Data          32  usb_desc.o(.constdata)
    StringLangID                             0x0800357a   Data           4  usb_desc.o(.constdata)
    StringVendor                             0x0800357e   Data          38  usb_desc.o(.constdata)
    StringProduct                            0x080035a4   Data          38  usb_desc.o(.constdata)
    StringInterface                          0x080035ca   Data          16  usb_desc.o(.constdata)
    Region$$Table$$Base                      0x080035dc   Number         0  anon$$obj.o(Region$$Table)
    Region$$Table$$Limit                     0x080035fc   Number         0  anon$$obj.o(Region$$Table)
    sleep                                    0x20004000   Data           1  main.o(.data)
    sdInsRem                                 0x20004001   Data           1  main.o(.data)
    sd_error                                 0x20004002   Data           1  main.o(.data)
    sdBlockCNT                               0x20004004   Data           4  main.o(.data)
    sdBlockLEN                               0x20004008   Data           4  main.o(.data)
    usbState                                 0x2000400c   Data           1  stm32f10x_it.o(.data)
    stage0                                   0x20004010   Data           1  usb.o(.data)
    Endpoint_halt                            0x20004011   Data           1  usb.o(.data)
    _address                                 0x20004012   Data           1  usb.o(.data)
    temp_address                             0x20004018   Data           2  usb.o(.data)
    StringSerial                             0x2000401a   Data          24  usb_desc.o(.data)
    BOTState                                 0x20004034   Data           1  bot.o(.data)
    csw                                      0x20004038   Data          16  bot.o(.data)
    psdTXBuffer                              0x20004048   Data           4  bot.o(.data)
    psdRXBuffer                              0x2000404c   Data           4  bot.o(.data)
    LBAAddr                                  0x20004050   Data           4  bot.o(.data)
    countSect                                0x20004054   Data           2  bot.o(.data)
    countbyte                                0x20004056   Data           2  bot.o(.data)
    countbyte_rx                             0x20004058   Data           2  bot.o(.data)
    Mode_Sense6_data                         0x2000405a   Data           4  scsi.o(.data)
    Mode_Sense10_data                        0x2000405e   Data           8  scsi.o(.data)
    Page00_Inquiry_Data                      0x20004066   Data           5  scsi.o(.data)
    Scsi_Sense_Data                          0x2000406b   Data          18  scsi.o(.data)
    Standard_Inquiry_Data                    0x2000407d   Data          36  scsi.o(.data)
    ReadCapacity10_Data                      0x200040a1   Data           8  scsi.o(.data)
    ReadFormatCapacity_Data                  0x200040a9   Data          12  scsi.o(.data)
    StopCondition                            0x200040c8   Data           4  sdcard.o(.data)
    TransferError                            0x200040cc   Data           1  sdcard.o(.data)
    TransferEnd                              0x200040d0   Data           4  sdcard.o(.data)
    NumberOfBytes                            0x200040d4   Data           4  sdcard.o(.data)
    SrcBuffer                                0x200040d8   Data           4  sdcard.o(.data)
    DestBuffer                               0x200040dc   Data           4  sdcard.o(.data)
    sdbufferState                            0x200040e0   Data           1  my_sdcard.o(.data)
    sdTranState                              0x200040e1   Data           1  my_sdcard.o(.data)
    sdReadyforData                           0x200040e2   Data           1  my_sdcard.o(.data)
    sdcardinfo                               0x200040e4   Data          68  main.o(.bss)
    EP0Buffer                                0x20004128   Data         256  usb.o(.bss)
    cbw                                      0x20004228   Data          32  bot.o(.bss)
    sdRXBuffer                               0x20004248   Data        8192  bot.o(.bss)
    sdTXBuffer                               0x20006248   Data        1024  bot.o(.bss)
    SDIO_InitStructure                       0x20006668   Data          24  sdcard.o(.bss)
    SDIO_CmdInitStructure                    0x20006680   Data          20  sdcard.o(.bss)
    SDIO_DataInitStructure                   0x20006694   Data          24  sdcard.o(.bss)
    __libspace_start                         0x200066ac   Data          96  libspace.o(.bss)
    __temporary_stack_top$libspace           0x2000670c   Data           0  libspace.o(.bss)



==============================================================================

Memory Map of the image

  Image Entry point : 0x08000131

  Load Region LR_IROM1 (Base: 0x08000000, Size: 0x000036e0, Max: 0x00004000, ABSOLUTE)

    Execution Region ER_IROM1 (Base: 0x08000000, Size: 0x000035fc, Max: 0x00004000, ABSOLUTE)

    Base Addr    Size         Type   Attr      Idx    E Section Name        Object

    0x08000000   0x00000130   Data   RO            3    RESET               startup_stm32f10x_hd.o
    0x08000130   0x00000008   Code   RO         1887  * !!!main             c_w.l(__main.o)
    0x08000138   0x00000034   Code   RO         2041    !!!scatter          c_w.l(__scatter.o)
    0x0800016c   0x0000001a   Code   RO         2043    !!handler_copy      c_w.l(__scatter_copy.o)
    0x08000186   0x00000002   PAD
    0x08000188   0x0000001c   Code   RO         2045    !!handler_zi        c_w.l(__scatter_zi.o)
    0x080001a4   0x00000002   Code   RO         1914    .ARM.Collect$$libinit$$00000000  c_w.l(libinit.o)
    0x080001a6   0x00000000   Code   RO         1921    .ARM.Collect$$libinit$$00000002  c_w.l(libinit2.o)
    0x080001a6   0x00000000   Code   RO         1924    .ARM.Collect$$libinit$$00000008  c_w.l(libinit2.o)
    0x080001a6   0x00000000   Code   RO         1926    .ARM.Collect$$libinit$$0000000A  c_w.l(libinit2.o)
    0x080001a6   0x00000000   Code   RO         1928    .ARM.Collect$$libinit$$0000000C  c_w.l(libinit2.o)
    0x080001a6   0x00000000   Code   RO         1931    .ARM.Collect$$libinit$$0000000F  c_w.l(libinit2.o)
    0x080001a6   0x00000000   Code   RO         1933    .ARM.Collect$$libinit$$00000011  c_w.l(libinit2.o)
    0x080001a6   0x00000000   Code   RO         1935    .ARM.Collect$$libinit$$00000013  c_w.l(libinit2.o)
    0x080001a6   0x00000000   Code   RO         1937    .ARM.Collect$$libinit$$00000015  c_w.l(libinit2.o)
    0x080001a6   0x00000000   Code   RO         1939    .ARM.Collect$$libinit$$00000017  c_w.l(libinit2.o)
    0x080001a6   0x00000000   Code   RO         1941    .ARM.Collect$$libinit$$00000019  c_w.l(libinit2.o)
    0x080001a6   0x00000000   Code   RO         1943    .ARM.Collect$$libinit$$0000001B  c_w.l(libinit2.o)
    0x080001a6   0x00000000   Code   RO         1945    .ARM.Collect$$libinit$$0000001D  c_w.l(libinit2.o)
    0x080001a6   0x00000000   Code   RO         1947    .ARM.Collect$$libinit$$0000001F  c_w.l(libinit2.o)
    0x080001a6   0x00000000   Code   RO         1949    .ARM.Collect$$libinit$$00000021  c_w.l(libinit2.o)
    0x080001a6   0x00000000   Code   RO         1951    .ARM.Collect$$libinit$$00000023  c_w.l(libinit2.o)
    0x080001a6   0x00000000   Code   RO         1955    .ARM.Collect$$libinit$$0000002A  c_w.l(libinit2.o)
    0x080001a6   0x00000000   Code   RO         1957    .ARM.Collect$$libinit$$0000002C  c_w.l(libinit2.o)
    0x080001a6   0x00000000   Code   RO         1959    .ARM.Collect$$libinit$$0000002E  c_w.l(libinit2.o)
    0x080001a6   0x00000000   Code   RO         1961    .ARM.Collect$$libinit$$00000030  c_w.l(libinit2.o)
    0x080001a6   0x00000002   Code   RO         1962    .ARM.Collect$$libinit$$00000031  c_w.l(libinit2.o)
    0x080001a8   0x00000002   Code   RO         1982    .ARM.Collect$$libshutdown$$00000000  c_w.l(libshutdown.o)
    0x080001aa   0x00000000   Code   RO         1996    .ARM.Collect$$libshutdown$$00000003  c_w.l(libshutdown2.o)
    0x080001aa   0x00000000   Code   RO         1999    .ARM.Collect$$libshutdown$$00000006  c_w.l(libshutdown2.o)
    0x080001aa   0x00000000   Code   RO         2002    .ARM.Collect$$libshutdown$$00000009  c_w.l(libshutdown2.o)
    0x080001aa   0x00000000   Code   RO         2004    .ARM.Collect$$libshutdown$$0000000B  c_w.l(libshutdown2.o)
    0x080001aa   0x00000000   Code   RO         2007    .ARM.Collect$$libshutdown$$0000000E  c_w.l(libshutdown2.o)
    0x080001aa   0x00000002   Code   RO         2008    .ARM.Collect$$libshutdown$$0000000F  c_w.l(libshutdown2.o)
    0x080001ac   0x00000000   Code   RO         1889    .ARM.Collect$$rtentry$$00000000  c_w.l(rtentry.o)
    0x080001ac   0x00000000   Code   RO         1891    .ARM.Collect$$rtentry$$00000002  c_w.l(rtentry2.o)
    0x080001ac   0x00000006   Code   RO         1903    .ARM.Collect$$rtentry$$00000004  c_w.l(rtentry4.o)
    0x080001b2   0x00000000   Code   RO         1893    .ARM.Collect$$rtentry$$00000009  c_w.l(rtentry2.o)
    0x080001b2   0x00000004   Code   RO         1894    .ARM.Collect$$rtentry$$0000000A  c_w.l(rtentry2.o)
    0x080001b6   0x00000000   Code   RO         1896    .ARM.Collect$$rtentry$$0000000C  c_w.l(rtentry2.o)
    0x080001b6   0x00000008   Code   RO         1897    .ARM.Collect$$rtentry$$0000000D  c_w.l(rtentry2.o)
    0x080001be   0x00000002   Code   RO         1918    .ARM.Collect$$rtexit$$00000000  c_w.l(rtexit.o)
    0x080001c0   0x00000000   Code   RO         1964    .ARM.Collect$$rtexit$$00000002  c_w.l(rtexit2.o)
    0x080001c0   0x00000004   Code   RO         1965    .ARM.Collect$$rtexit$$00000003  c_w.l(rtexit2.o)
    0x080001c4   0x00000006   Code   RO         1966    .ARM.Collect$$rtexit$$00000004  c_w.l(rtexit2.o)
    0x080001ca   0x00000002   PAD
    0x080001cc   0x00000040   Code   RO            4    .text               startup_stm32f10x_hd.o
    0x0800020c   0x00000006   Code   RO         1885    .text               c_w.l(heapauxi.o)
    0x08000212   0x0000004a   Code   RO         1905    .text               c_w.l(sys_stackheap_outer.o)
    0x0800025c   0x0000000c   Code   RO         1907    .text               c_w.l(exit.o)
    0x08000268   0x00000008   Code   RO         1915    .text               c_w.l(libspace.o)
    0x08000270   0x0000000c   Code   RO         1974    .text               c_w.l(sys_exit.o)
    0x0800027c   0x00000002   Code   RO         1985    .text               c_w.l(use_no_semi.o)
    0x0800027e   0x00000000   Code   RO         1987    .text               c_w.l(indicate_semi.o)
    0x0800027e   0x00000004   Code   RO         1079    i.BusFault_Handler  stm32f10x_it.o
    0x08000282   0x00000002   PAD
    0x08000284   0x000004e4   Code   RO         1612    i.CBWDecode         bot.o
    0x08000768   0x0000002c   Code   RO         1650    i.CmdError          sdcard.o
    0x08000794   0x00000130   Code   RO         1651    i.CmdResp1Error     sdcard.o
    0x080008c4   0x00000048   Code   RO         1652    i.CmdResp2Error     sdcard.o
    0x0800090c   0x00000038   Code   RO         1653    i.CmdResp3Error     sdcard.o
    0x08000944   0x0000009c   Code   RO         1654    i.CmdResp6Error     sdcard.o
    0x080009e0   0x0000004c   Code   RO         1655    i.CmdResp7Error     sdcard.o
    0x08000a2c   0x00000088   Code   RO         1080    i.DMA2_Channel4_5_IRQHandler  stm32f10x_it.o
    0x08000ab4   0x00000002   Code   RO         1081    i.DebugMon_Handler  stm32f10x_it.o
    0x08000ab6   0x00000002   PAD
    0x08000ab8   0x0000004c   Code   RO         1173    i.EP_Status         usb.o
    0x08000b04   0x000000a0   Code   RO         1174    i.EPx_Reset         usb.o
    0x08000ba4   0x00000014   Code   RO         1082    i.EXTI0_IRQHandler  stm32f10x_it.o
    0x08000bb8   0x00000054   Code   RO          162    i.EXTI_ClearITPendingBit  stm32f10x_exti.o
    0x08000c0c   0x00000124   Code   RO          167    i.EXTI_Init         stm32f10x_exti.o
    0x08000d30   0x00000198   Code   RO         1658    i.FindSCR           sdcard.o
    0x08000ec8   0x000000e8   Code   RO          341    i.GPIO_EXTILineConfig  stm32f10x_gpio.o
    0x08000fb0   0x000001cc   Code   RO          344    i.GPIO_Init         stm32f10x_gpio.o
    0x0800117c   0x000000a4   Code   RO          351    i.GPIO_ResetBits    stm32f10x_gpio.o
    0x08001220   0x000000e0   Code   RO         1175    i.Get_Descriptor    usb.o
    0x08001300   0x00000004   Code   RO         1083    i.HardFault_Handler  stm32f10x_it.o
    0x08001304   0x00000058   Code   RO         1176    i.IN0Process        usb.o
    0x0800135c   0x000000e4   Code   RO         1613    i.IN1_Process       bot.o
    0x08001440   0x000001d0   Code   RO          988    i.Init_Periph       main.o
    0x08001610   0x00000004   Code   RO         1084    i.MemManage_Handler  stm32f10x_it.o
    0x08001614   0x00000002   Code   RO         1085    i.NMI_Handler       stm32f10x_it.o
    0x08001616   0x00000002   PAD
    0x08001618   0x00000018   Code   RO          989    i.NVIC_ClearPendingIRQ  main.o
    0x08001630   0x00000018   Code   RO          990    i.NVIC_EnableIRQ    main.o
    0x08001648   0x00000028   Code   RO          991    i.NVIC_SetPriority  main.o
    0x08001670   0x00000034   Code   RO         1177    i.OUT0Process       usb.o
    0x080016a4   0x00000198   Code   RO         1614    i.OUT2_Process      bot.o
    0x0800183c   0x00000002   Code   RO         1086    i.PendSV_Handler    stm32f10x_it.o
    0x0800183e   0x00000002   PAD
    0x08001840   0x00000084   Code   RO          513    i.RCC_AHBPeriphClockCmd  stm32f10x_rcc.o
    0x080018c4   0x00000084   Code   RO          514    i.RCC_APB1PeriphClockCmd  stm32f10x_rcc.o
    0x08001948   0x00000084   Code   RO          516    i.RCC_APB2PeriphClockCmd  stm32f10x_rcc.o
    0x080019cc   0x00000054   Code   RO          542    i.RCC_USBCLKConfig  stm32f10x_rcc.o
    0x08001a20   0x00000080   Code   RO         1178    i.Read_EPbuffer     usb.o
    0x08001aa0   0x00000048   Code   RO         1837    i.SDCmdSetBlockLen  my_sdcard.o
    0x08001ae8   0x0000004c   Code   RO         1838    i.SDCmdSetSendStatus  my_sdcard.o
    0x08001b34   0x00000120   Code   RO         1660    i.SDEnWideBus       sdcard.o
    0x08001c54   0x0000005c   Code   RO          803    i.SDIO_ClearFlag    stm32f10x_sdio.o
    0x08001cb0   0x00000054   Code   RO          805    i.SDIO_ClockCmd     stm32f10x_sdio.o
    0x08001d04   0x00000120   Code   RO          809    i.SDIO_DataConfig   stm32f10x_sdio.o
    0x08001e24   0x00000024   Code   RO          811    i.SDIO_DeInit       stm32f10x_sdio.o
    0x08001e48   0x0000000c   Code   RO          812    i.SDIO_GetCommandResponse  stm32f10x_sdio.o
    0x08001e54   0x000000dc   Code   RO          815    i.SDIO_GetFlagStatus  stm32f10x_sdio.o
    0x08001f30   0x00000010   Code   RO          817    i.SDIO_GetPowerState  stm32f10x_sdio.o
    0x08001f40   0x00000068   Code   RO          818    i.SDIO_GetResponse  stm32f10x_sdio.o
    0x08001fa8   0x000000d0   Code   RO         1087    i.SDIO_IRQHandler   stm32f10x_it.o
    0x08002078   0x000000dc   Code   RO          820    i.SDIO_Init         stm32f10x_sdio.o
    0x08002154   0x0000000c   Code   RO          821    i.SDIO_ReadData     stm32f10x_sdio.o
    0x08002160   0x000000c8   Code   RO          823    i.SDIO_SendCommand  stm32f10x_sdio.o
    0x08002228   0x00000064   Code   RO          825    i.SDIO_SetPowerState  stm32f10x_sdio.o
    0x0800228c   0x0000009c   Code   RO         1661    i.SD_EnableWideBusOperation  sdcard.o
    0x08002328   0x00000260   Code   RO         1663    i.SD_GetCardInfo    sdcard.o
    0x08002588   0x00000048   Code   RO         1665    i.SD_Init           sdcard.o
    0x080025d0   0x00000140   Code   RO         1666    i.SD_InitializeCards  sdcard.o
    0x08002710   0x00000060   Code   RO         1667    i.SD_LowLevel_Init  sdcard.o
    0x08002770   0x000001ac   Code   RO         1669    i.SD_PowerON        sdcard.o
    0x0800291c   0x00000034   Code   RO         1673    i.SD_SelectDeselect  sdcard.o
    0x08002950   0x0000001c   Code   RO         1676    i.SD_SetDeviceMode  sdcard.o
    0x0800296c   0x000001f8   Code   RO         1179    i.SETUP0Process     usb.o
    0x08002b64   0x00000002   Code   RO         1088    i.SVC_Handler       stm32f10x_it.o
    0x08002b66   0x00000008   Code   RO           10    i.SetSysClock       system_stm32f10x.o
    0x08002b6e   0x00000002   PAD
    0x08002b70   0x000000dc   Code   RO           11    i.SetSysClockTo72   system_stm32f10x.o
    0x08002c4c   0x000000c4   Code   RO         1839    i.StartReadBlockDMA  my_sdcard.o
    0x08002d10   0x000000c4   Code   RO         1841    i.StartWriteBlockDMA  my_sdcard.o
    0x08002dd4   0x00000180   Code   RO         1842    i.StartWriteMultiBlocksDMA  my_sdcard.o
    0x08002f54   0x00000130   Code   RO          992    i.Suspend           main.o
    0x08003084   0x00000060   Code   RO           13    i.SystemInit        system_stm32f10x.o
    0x080030e4   0x00000034   Code   RO         1089    i.TIM6_IRQHandler   stm32f10x_it.o
    0x08003118   0x0000000c   Code   RO         1090    i.USBWakeUp_IRQHandler  stm32f10x_it.o
    0x08003124   0x00000050   Code   RO          993    i.USB_Cable_Config  main.o
    0x08003174   0x00000068   Code   RO          994    i.USB_Init          main.o
    0x080031dc   0x0000013c   Code   RO         1091    i.USB_LP_CAN1_RX0_IRQHandler  stm32f10x_it.o
    0x08003318   0x00000004   Code   RO         1092    i.UsageFault_Handler  stm32f10x_it.o
    0x0800331c   0x00000078   Code   RO          995    i.WakeUp            main.o
    0x08003394   0x00000084   Code   RO         1180    i.Write_EPbuffer    usb.o
    0x08003418   0x00000004   Code   RO          996    i.assert_failed     main.o
    0x0800341c   0x000000ac   Code   RO          997    i.main              main.o
    0x080034c8   0x00000080   Code   RO          998    i.sdCardInitialization  main.o
    0x08003548   0x00000092   Data   RO         1239    .constdata          usb_desc.o
    0x080035da   0x00000002   PAD
    0x080035dc   0x00000020   Data   RO         2039    Region$$Table       anon$$obj.o


    Execution Region RW_IRAM1 (Base: 0x20004000, Size: 0x00002f10, Max: 0x00005000, ABSOLUTE)

    Base Addr    Size         Type   Attr      Idx    E Section Name        Object

    0x20004000   0x0000000c   Data   RW         1000    .data               main.o
    0x2000400c   0x00000001   Data   RW         1093    .data               stm32f10x_it.o
    0x2000400d   0x00000003   PAD
    0x20004010   0x0000000a   Data   RW         1182    .data               usb.o
    0x2000401a   0x00000018   Data   RW         1240    .data               usb_desc.o
    0x20004032   0x00000002   PAD
    0x20004034   0x00000026   Data   RW         1616    .data               bot.o
    0x2000405a   0x0000005b   Data   RW         1641    .data               scsi.o
    0x200040b5   0x00000003   PAD
    0x200040b8   0x00000028   Data   RW         1682    .data               sdcard.o
    0x200040e0   0x00000003   Data   RW         1843    .data               my_sdcard.o
    0x200040e3   0x00000001   PAD
    0x200040e4   0x00000044   Zero   RW          999    .bss                main.o
    0x20004128   0x00000100   Zero   RW         1181    .bss                usb.o
    0x20004228   0x00002420   Zero   RW         1615    .bss                bot.o
    0x20006648   0x00000064   Zero   RW         1681    .bss                sdcard.o
    0x200066ac   0x00000060   Zero   RW         1916    .bss                c_w.l(libspace.o)
    0x2000670c   0x00000004   PAD
    0x20006710   0x00000200   Zero   RW            2    HEAP                startup_stm32f10x_hd.o
    0x20006910   0x00000600   Zero   RW            1    STACK               startup_stm32f10x_hd.o


==============================================================================

Image component sizes


      Code (inc. data)   RO Data    RW Data    ZI Data      Debug   Object Name

      1888        184          0         38       9248       3642   bot.o
      1464        158          0         12         68      26914   main.o
       924         46          0          3          0       4090   my_sdcard.o
         0          0          0         91          0        895   scsi.o
      3164        142          0         40        100      14408   sdcard.o
        64         26        304          0       2048        852   startup_stm32f10x_hd.o
       376        112          0          0          0       1529   stm32f10x_exti.o
       856        220          0          0          0       3275   stm32f10x_gpio.o
       768         64          0          1          0       6618   stm32f10x_it.o
       480        238          0          0          0       2269   stm32f10x_rcc.o
      1384        484          0          0          0       8260   stm32f10x_sdio.o
       324         26          0          0          0     229045   system_stm32f10x.o
      1364        146          0         10        256       6868   usb.o
         0          0        146         24          0        829   usb_desc.o

    ----------------------------------------------------------------------
     13066       1846        484        228      11720     309494   Object Totals
         0          0         32          0          0          0   (incl. Generated)
        10          0          2          9          0          0   (incl. Padding)

    ----------------------------------------------------------------------

      Code (inc. data)   RO Data    RW Data    ZI Data      Debug   Library Member Name

         8          0          0          0          0         68   __main.o
        52          8          0          0          0          0   __scatter.o
        26          0          0          0          0          0   __scatter_copy.o
        28          0          0          0          0          0   __scatter_zi.o
        12          0          0          0          0         72   exit.o
         6          0          0          0          0        152   heapauxi.o
         0          0          0          0          0          0   indicate_semi.o
         2          0          0          0          0          0   libinit.o
         2          0          0          0          0          0   libinit2.o
         2          0          0          0          0          0   libshutdown.o
         2          0          0          0          0          0   libshutdown2.o
         8          4          0          0         96         68   libspace.o
         0          0          0          0          0          0   rtentry.o
        12          0          0          0          0          0   rtentry2.o
         6          0          0          0          0          0   rtentry4.o
         2          0          0          0          0          0   rtexit.o
        10          0          0          0          0          0   rtexit2.o
        12          4          0          0          0         68   sys_exit.o
        74          0          0          0          0         80   sys_stackheap_outer.o
         2          0          0          0          0         68   use_no_semi.o

    ----------------------------------------------------------------------
       270         16          0          0        100        576   Library Totals
         4          0          0          0          4          0   (incl. Padding)

    ----------------------------------------------------------------------

      Code (inc. data)   RO Data    RW Data    ZI Data      Debug   Library Name

       266         16          0          0         96        576   c_w.l

    ----------------------------------------------------------------------
       270         16          0          0        100        576   Library Totals

    ----------------------------------------------------------------------

==============================================================================


      Code (inc. data)   RO Data    RW Data    ZI Data      Debug   

     13336       1862        484        228      11820     305754   Grand Totals
     13336       1862        484        228      11820     305754   ELF Image Totals
     13336       1862        484        228          0          0   ROM Totals

==============================================================================

    Total RO  Size (Code + RO Data)                13820 (  13.50kB)
    Total RW  Size (RW Data + ZI Data)             12048 (  11.77kB)
    Total ROM Size (Code + RO Data + RW Data)      14048 (  13.72kB)

==============================================================================

