<html>
<body>
<pre>
<h1>µVision Build Log</h1>
<h2>Project:</h2>
D:\STM32_ïðîåêòû\STM32USBDevice\MDK-ARM\STM32USBDevice.uvproj
Project File Date:  12/04/2017

<h2>Output:</h2>
Build target 'STM32USBDevice'
compiling system_stm32f10x.c...
compiling stm32f10x_dma.c...
compiling stm32f10x_exti.c...
compiling stm32f10x_fsmc.c...
compiling stm32f10x_gpio.c...
compiling stm32f10x_pwr.c...
compiling stm32f10x_rcc.c...
compiling stm32f10x_rtc.c...
compiling stm32f10x_sdio.c...
compiling main.c...
compiling stm32f10x_it.c...
compiling usb.c...
..\main\usb.c(117): warning:  #177-D: variable "val" was declared but never referenced
        uint16_t val;
..\main\usb.c: 1 warning, 0 errors
compiling usb_desc.c...
compiling usb_regs.c...
linking...
Program Size: Code=3914 RO-data=482 RW-data=40 ZI-data=2144  
FromELF: creating hex file...
".\output\STM32USBDevice.axf" - 0 Error(s), 1 Warning(s).
</pre>
</body>
</html>
